{
    "samples": [
        {
            "distributedUTxO": {
                "0000000100000001010100000100000100000000010100010001000000000000#9": {
                    "address": "addr_test1yzlgdm2wyumekl0sm4uvgulmu6xlzzdc93q4qd52me5cyh9cha7lggwvpw9x5kfhapta4kwmsrj32v0vp4x4ukxlss5qwtz89e",
                    "datum": null,
                    "inlineDatum": {
                        "int": 4
                    },
                    "inlineDatumRaw": "04",
                    "inlineDatumhash": "642206314f534b29ad297d82440a5f9f210e30ca5ced805a587ca402de927342",
                    "referenceScript": null,
                    "value": {
                        "5800acd842a25f5fe3345c91a859c00affefd47017a6ecf3345d50b0": {
                            "367187cceecb5538d46cdd05c9b8fc": 8017389128832664882
                        },
                        "lovelace": 7447919622186170647
                    }
                }
            },
            "headId": "01010100000100000000010001010100",
            "newVersion": 1,
            "tag": "OnDecrementTx"
        }
    ],
    "seed": 701624138
}