{
    "samples": [
        {
            "eventId": 0,
            "stateChanged": {
                "headId": "01010000010101000101010001010100",
                "newLocalUTxO": {
                    "0001000001010001010000010000000000010001000101000001010001000000#40": {
                        "address": "2RhQhCGqYPDnh9XQgg4rGgbcw2jJFpaQgapAWZVxjcKV6Cyyvad6rUmgpFk5pK32Zz5nJqBgYPXaqVLpejZNz58ezBEy2CZ5oncNtWrUk9PK8P",
                        "datum": null,
                        "datumhash": null,
                        "inlineDatum": null,
                        "inlineDatumRaw": null,
                        "referenceScript": {
                            "script": {
                                "cborHex": "830300818200581ccba368b329fcf75ce3968f2e9684ea1c78c4dfedea6a8ac4e38cedbf",
                                "description": "",
                                "type": "SimpleScript"
                            },
                            "scriptLanguage": "SimpleScriptLanguage"
                        },
                        "value": {
                            "e323fb3ab8abcfedb0e74fc5e93e35548de47b21cf287cf16268f8a7": {
                                "35": 4367233711174904512
                            }
                        }
                    }
                },
                "tag": "TransactionAppliedToLocalUTxO",
                "tx": {
                    "cborHex": "84ad00d9010281825820143debea0778610a0a2f11a7d285628cf2993b71e4af3f3ed95d69eb9e441b0001018010a400585082d818584683581c1c28f88886ce925fe3a3ebd6f0bde857f3189c9d70c7ec9e0fe24061a101582258203402ea079ba713254026757f57fdbbe7fd8d1a0a243a1b564220df5a76b24446021a91f79e56018200a1581cb0c53e2bf180858da4b64eb5598c5615bba7d723d2b604a83b7f9165a14133010282005820e1e1c1c3f48f74e78fb09c85d43d1118913d379bece1050b913d596e7f3c0f3103d8184b8202484701000022220011111a000d6823021a000e04b8030104d901028183118200581c6fe3f1b51f142a33ec0205a274bbf19a86b11bc8efb91b01936f00bf1a0005c12d09a1581cb0c53e2bf180858da4b64eb5598c5615bba7d723d2b604a83b7f9165a146155e209cc5b53b0cb20440bbba5c120758205a6ef20807c1bc733cd2d343ff298987d5d08559624a83a71fa54c02500481860f0014d901028184191222581df1df4b6ed1282108f92c5da488bd44dd9820d28f4c447e2811b1964e16820382582082548a24e383e1cd6061c3b0be8bbdf727a067f893f073f36f6593549bd0e3240082783068747470733a2f2f4d5a317537376969354848647666674653566c6a30444a7a5973763077612e774e4d48352e636f6d58202cdd8cb0d12b8f5e26e3280ed7e8366296d5b4b4d8e24158774306c4e7dfe1be151a0003aa3e161a00060796a200d9010281825820acfe83e7e1b974fc964d1efbba1875ec3eab34e9a7061b1e866e09a77e884fcc5840eea27c76109eead2dbb9d40a3700a118991e2c2972666b75b20a7d3b1bb111bba83431ff549d37ba07f33a66fff0609b5544923858319e1d282824d3377acc0602d9010281845820512cf1e485a7420fe2b48f29544346ad16e80401628792c0d5aec8d28b95093358403f3c2e57a48da83312375731e9971e9da7fe966142c8a31cfbe6901481e50e8ed4d700be9cf44dc755285babfe7cc973fedfdf97399f45a73d3b7e95c699546e4040f4d90103a100a10020",
                    "description": "",
                    "txId": "c68d32c153899328bc099016a98435b442d5c2f9b1e61e0f35ea4d37cb6482a1",
                    "type": "Tx ConwayEra"
                }
            },
            "time": "1864-05-10T23:07:21.723775992562Z"
        },
        {
            "eventId": 0,
            "stateChanged": {
                "decommitTx": {
                    "cborHex": "84ad00d9010280018183583931f3cacdf3e6f89ac205490ddedfe4b77b249fc234ddd33960f2e79035d38680beea5ea49008bfe3f6cc56319f96a9bfae5c0a67a87671a302821b127b8001553c5362a1581cf969bdb5a91fd4b0015e35ad613306f4a1e31a87a4e1cb78024d13f8a156c5fe5cc9cd348a3fdd6329ebb33a172b36cf36aa7465025820df7c3c5c1c3ebb52f3fe6cd867c286665b0a6d5026951e8a25c7377101f62211111a00093f38021a0008da39030205a1581de106df51de661db7b6405e6a4f516fb1b2a64fa15b938c1f5f9da6d6b51a0003bddd08020ed9010281581c9be80d4e1382a7a19c39aa1325931bfc91a433078127f2ed788299dd09a1581c4a1c412d8e2b3015a7fb7d382808fb7cb721bf93a56e8bb6661cdebea1581b675c845d6273c207eedef8b3f10403c5bac451c6090d42f4de9a573b111d3cf3af05d7150b582029b18fa269285a09b5d2ba2da50185b50c75391f7e07f6000a4f39a094a2413f0f0013a18203581c26cad77af31d0799117ad1af1b1b7f9e71b0d0bb8d0e74037e56f4b6a1825820b9f38bb8d65b57ba91b6ac5121a5055b232dac586381b759d3935cb90eccbe4501820082781f68747470733a2f2f7869413957356661665a6f44694b63616775522e636f6d5820c81a561ee526c8a602e2c30aac4106420d5d1cdb76e54b2b5683864849cfb7c2161a000468a3a202d9010281845820ede5927d842457fd630d1a8f1201e7d760d84db1dc77fb301c8c9153232d1d56584035197aa97aae475d40f3cb898bcbe1f2d82faf8ce69cbecfc109a7c0d7961af8df2cad039b1fd7c28a89b69f51034afc40cdf410f0b33e4241bd41bcf7d8817b404001d9010281820401f5f6",
                    "description": "",
                    "txId": "cda7f313178d421a5fae84a7a593109bd1fb51685a19425282c228a3e5b4e55a",
                    "type": "Tx ConwayEra"
                },
                "headId": "00010001010001000001010100010001",
                "tag": "DecommitRequested",
                "utxoToDecommit": {
                    "0101010001000001010001000001010000000001010100000100000100000001#31": {
                        "address": "addr_test1yre633xe6g5yqk99rfss3k6up386dcvs8jplt04a06vqfe27c6vq3pm7eklg978hkh6t96qcssrmxzsmg2unv4p7ekuq9dmwga",
                        "datum": null,
                        "inlineDatum": {
                            "int": -5
                        },
                        "inlineDatumRaw": "24",
                        "inlineDatumhash": "f63498b4ae65be466e4a71878971b9c524458996450b0ff8262cddf3f0d99229",
                        "referenceScript": {
                            "script": {
                                "cborHex": "46450100002261",
                                "description": "",
                                "type": "PlutusScriptV1"
                            },
                            "scriptLanguage": "PlutusScriptLanguage PlutusScriptV1"
                        },
                        "value": {
                            "8c2b75980d14a669d7c2f6ca61b8f966f75c90afdac1cc6a63d46dfe": {
                                "0beb31633747f9d43fde7c4d6fedc1e7f3855cb8db9be59f": 1
                            },
                            "lovelace": 8830083911423859410
                        }
                    }
                }
            },
            "time": "1864-05-09T19:33:18.774951379455Z"
        },
        {
            "eventId": 0,
            "stateChanged": {
                "chainState": {
                    "recordedAt": {
                        "tag": "ChainPointAtGenesis"
                    },
                    "spendableUTxO": {}
                },
                "headId": "01010001000000000000000100010101",
                "tag": "HeadFannedOut",
                "utxo": {
                    "0100000101000001010001010000000100000100000001000001010000000100#83": {
                        "address": "addr1zyh65xp5rcpmjzxum2u32erukw6ydu8rf8xgprrwchw80r2ee97uvmesc3rccgmwqklceznzumw05dhca6zemp4spm0sqrurv0",
                        "datum": null,
                        "inlineDatum": {
                            "int": 1
                        },
                        "inlineDatumRaw": "01",
                        "inlineDatumhash": "ee155ace9c40292074cb6aff8c9ccdd273c81648ff1149ef36bcea6ebb8a3e25",
                        "referenceScript": {
                            "script": {
                                "cborHex": "830304848200581c270865f62ee262093112d7d34eae41f1df613bced3b73fcf3e91b0968200581cddd111b64cbc2a1333b1d6d349e3cf0945437feb769dd24c6dce7fed83030080830301828202838200581c6d815780d1556499716aec9dcc13bc75a237244fd113855311f3a7e48200581ca6cc0079cec59f97fbed0ee145560d86b25d673720402c7362876a908200581c0f428d62c89d54eb859bf87668671ef9040f77e4ae4fff66b52069ef8200581c6aa4d9528022d5aa6bfaf65375b8609b6dae22b12df4dea78f835caf",
                                "description": "",
                                "type": "SimpleScript"
                            },
                            "scriptLanguage": "SimpleScriptLanguage"
                        },
                        "value": {
                            "2e12c5e499e0521b13837391beed1248a2e36117370662ee75918b56": {
                                "32": 761764866463035959
                            },
                            "lovelace": 1421002587223929316
                        }
                    }
                }
            },
            "time": "1864-05-08T11:10:49.712252489312Z"
        },
        {
            "eventId": 0,
            "stateChanged": {
                "headId": "00000001000000010101000001000000",
                "signatures": {
                    "multiSignature": []
                },
                "snapshot": {
                    "confirmed": [],
                    "headId": "01000100000001010101000100010100",
                    "number": 0,
                    "utxo": {},
                    "utxoToCommit": null,
                    "utxoToDecommit": {
                        "0000000000000101010001010101000100000001010000010001010000010001#57": {
                            "address": "addr1qycpgvfrd4trpmvfh3g2cfzvag66epqmelw5ekdk2700f67235j8watwux9vk7hltmfvpdy0lv5scla558rzq6jydhesl2eyzj",
                            "datum": null,
                            "datumhash": null,
                            "inlineDatum": null,
                            "inlineDatumRaw": null,
                            "referenceScript": {
                                "script": {
                                    "cborHex": "484701000022220011",
                                    "description": "",
                                    "type": "PlutusScriptV2"
                                },
                                "scriptLanguage": "PlutusScriptLanguage PlutusScriptV2"
                            },
                            "value": {
                                "c0127719e1d9824d21326934fc14abdaf9bf4c2dd42bd34162f9fce1": {
                                    "292ccd563e56bd90d7bac98564134e1c62c0c49efcffc4ae": 5814452942768578273
                                }
                            }
                        }
                    },
                    "version": 1
                },
                "tag": "SnapshotConfirmed"
            },
            "time": "1864-05-09T17:30:23.27346655893Z"
        },
        {
            "eventId": 1,
            "stateChanged": {
                "chainState": {
                    "recordedAt": {
                        "tag": "ChainPointAtGenesis"
                    },
                    "spendableUTxO": {
                        "0101000001000101000001000101010100010000010101000000010101010001#11": {
                            "address": "addr1y8esfls6krt8vkssx6a8hfjyvxugrzsvssl2h34pngahw3ff53jxvnmdpqe3tjj3c7axzea3twq3gt6t38fxfz0jty7qwpqj2x",
                            "datum": null,
                            "datumhash": "922684e1a67446a7881301b1a9640fadd1f1334610e150b8d1e8dd85e912c7f4",
                            "inlineDatum": null,
                            "inlineDatumRaw": null,
                            "referenceScript": {
                                "script": {
                                    "cborHex": "820402",
                                    "description": "",
                                    "type": "SimpleScript"
                                },
                                "scriptLanguage": "SimpleScriptLanguage"
                            },
                            "value": {
                                "4d50a11e297e7783383bf06dd6e4e481230323bd96cd8b8d9ee3888d": {
                                    "0318d7fa122be14ecc7496a2eb4b1e0b45d9f46f21a7f489be10cdde73e3": 7902941004921963156
                                },
                                "lovelace": 503602937652771227
                            }
                        }
                    }
                },
                "committedUTxO": {
                    "0100010100000000000100010100010000000101000100010101000101000101#44": {
                        "address": "addr1zyqm26ltgqjkwhtelckdwfzncmdfnv3u5mn5tqs0vx4ngu3m08jhpmgwlwu5qtjmry3644rf9k4vzvchfvvtkau4r6qs7ey0fp",
                        "datum": null,
                        "datumhash": null,
                        "inlineDatum": null,
                        "inlineDatumRaw": null,
                        "referenceScript": {
                            "script": {
                                "cborHex": "820401",
                                "description": "",
                                "type": "SimpleScript"
                            },
                            "scriptLanguage": "SimpleScriptLanguage"
                        },
                        "value": {
                            "e35939e3a3121255b222c364d5ced88d64668edafe8e1de980b4f925": {
                                "38": 1
                            }
                        }
                    }
                },
                "headId": "01010100000000000101010000000101",
                "party": {
                    "vkey": "94c879cf2f3ab3540f510b140f9644ee05a5ff52fe927e380a3abf600ef63b56"
                },
                "tag": "CommittedUTxO"
            },
            "time": "1864-05-10T19:39:00.887514418311Z"
        }
    ],
    "seed": -1190052903
}