{
    "samples": [
        {
            "input": "符𫨡󼃬7B\u0012",
            "reason": "󶂭s=)\u001by",
            "seq": 4,
            "tag": "InvalidInput",
            "timestamp": "1864-05-09T07:33:25.272876510385Z"
        },
        {
            "headId": "00050402040107000000020200070001",
            "seq": 6,
            "tag": "HeadIsOpen",
            "timestamp": "1864-05-09T22:43:47.248150809668Z",
            "utxo": {
                "0205040802070005050008080004030407060204070807000004030608030607#37": {
                    "address": "addr1x8gnhw8r99yklah85zrushsvhf0q8p4djq57pzgx00h79tus602xtc6nlmazwfa0q8m23t3esaw8q5t8gz6v2l2lcnlqgxwlpx",
                    "datum": null,
                    "datumhash": "5ae180055320bbbf5c07f45e564ee451c4cda69d936e03fa45fcfe89eb8bd2f4",
                    "inlineDatum": null,
                    "referenceScript": {
                        "script": {
                            "cborHex": "484701000022220011",
                            "description": "",
                            "type": "PlutusScriptV2"
                        },
                        "scriptLanguage": "PlutusScriptLanguage PlutusScriptV2"
                    },
                    "value": {
                        "467f58932b54910584a0e8ea25a225e06a14530b2e96e938c53a3f22": {
                            "37": 1
                        },
                        "lovelace": 7371110544197847945
                    }
                },
                "0508050402030007030801010807020008070807000506000007000008080401#34": {
                    "address": "addr1q8qv25gq9x79trrvx0vtrvwv32ufteqsqzeml3mauth5g4yz26y6atqcwqyurnan6e2ctkqjq3t2evpcwxf4w45q4j9qwdst6z",
                    "datum": null,
                    "datumhash": null,
                    "inlineDatum": null,
                    "referenceScript": null,
                    "value": {
                        "467f58932b54910584a0e8ea25a225e06a14530b2e96e938c53a3f22": {
                            "35": 1
                        },
                        "lovelace": 6311286046813588564
                    }
                },
                "0604060203080108050202060605010000010608020100070507040806050501#48": {
                    "address": "addr1x9s9emmxsv6h730ee63uug9e4sw4ft0ze6kmddt97n79wdsysrmpd5wqe05ykwmpu9fwq3wp98hpjzdq2t7r9gnaquxqlyp9a6",
                    "datum": null,
                    "inlineDatum": {
                        "constructor": 4,
                        "fields": []
                    },
                    "inlineDatumhash": "4edbec644b7ff68b96e254d6cc71d2aee111b4f3e9f93f94d6674580aab29300",
                    "referenceScript": {
                        "script": {
                            "cborHex": "8200581ce7eb506f25ed81f09924e650d4e6fa7a28e203065ef0c59eae91dd94",
                            "description": "",
                            "type": "SimpleScript"
                        },
                        "scriptLanguage": "SimpleScriptLanguage"
                    },
                    "value": {
                        "095c5b2c82991cacdfd6d05a594d4ae79ce60a85c8057a2c3851a5fe": {
                            "25d9d8077311ea537370e35b24d89c4c527341ff51de880e99fbd5a3e718496e": 3152815277948090929
                        },
                        "lovelace": 2118658822405982813
                    }
                },
                "0704080304000106050308040508040104070005080708000408060305050501#57": {
                    "address": "EqGAuA8vHnNfnf66A82AMMTYCsNTx3wWPhmPKpk1tU7iwZ2mY4rs5ePTjwXaYaE4LowZFNYmEz2PBzgUeqx15nsivpyKE69mmFJssL1RYkHJajPtxRFjq76",
                    "datum": null,
                    "datumhash": "088f3a3083328918f9bc9028c6138ac588f7dffb7105ca0818320d48f19ad736",
                    "inlineDatum": null,
                    "referenceScript": {
                        "script": {
                            "cborHex": "820405",
                            "description": "",
                            "type": "SimpleScript"
                        },
                        "scriptLanguage": "SimpleScriptLanguage"
                    },
                    "value": {
                        "b0271be381af73d601de07298c26bc34960a3aed5939be783b56f71a": {
                            "5d": 1
                        }
                    }
                }
            }
        },
        {
            "decommitTx": {
                "cborHex": "84b200d9010286825820102f34b0b4f67caa37c5a5387615632e748437b91f46ed4d2f6ffa4920428aca048258202090a89e06f09695b5f008282eb82c507d1500ae09fb0aa50f62b775eda0f8a803825820375019aa3df86f7167a0e5dfaeea693ec5f3d74acd35d629f66196b23afb54f0068258203856541cac298311e736f1d7f87f489f544d676a975ffa582724093fc0d3c3460582582058bd3d5f4bc0280a9445f271146d3d2290352644ebf8b77d23df60d2f0a79cb5068258205ab1bf21b4c5a51fc81c38c0f67d44fdf21b7eb5d47c7bbfabed95e199c0b682040dd901028482582029c53be2ae671c245c4c190df7b5a34c9e002ef9d0a21e959b21b2e97195e3c3008258205b5241f7d5d8b6c8c4a1e10bdf323a3b0466bff9893cfaccef7b7f0542ccf8da018258209440ac7237d4bb6d626f298b982e61261b16338918c836de5bbea21c4e0d7d4803825820beae315b13eead1041c699aae09a2cfe0a73bde182a18394354b4646b5edf3b00112d901028282582028b583d11467ffabf5c9b88345e444d79d320a27986517c9e2eba31fac72dafd068258204a3f2929e5d16cd70aa4e29317c5d282eae8ebd4a90a4c8faf1d63f9d0374f5f030186a400583911e167593d3c680711c7e274d5b6697adb106d4b4415a52a0ac6a515bb617e540c53aee620714739635eeadae1cb6823e8c91837fbefc4437601821b1200dae7018016c7a1581cb6e23245826f901e9df2aed33f4fbe53cc46397f333b3ccee5650616a141371b7c2966fb2133b83c028201d818414003d818582282008200581c42a864564a946abaead93b69097f33821a9a18697ae4f05479815bab835839003997440cefca9fb2f6c698c5c99ed71886ad66aa2fe5854a17fcaadd69c6373b9aa23c57c32022e17d4b77b338043c326bb00408b277dc81821b28931778973988d8a1581c4d50a11e297e7783383bf06dd6e4e481230323bd96cd8b8d9ee3888da14ffe1efe01f05a2a66715d3ae589dfce1b626227a1ba781a5558206ad44dbe27245d7bd7d52481627255d085256211748f3536a38cee057fe17da482583920a9877afb0a25b14c595e8d966d32cff89793aca819dbdec4ba556f6f1f9a4717a4ccae5cc5a6239ce63417d96a16bb16835bf1e13d60df55821b5f48f2c4f8b9d72fa1581cacb1281d5f7f31e0e89bf784013ca1cdd75623f84275b0caf3ac2dc5a14911a868feee52f7f3341b1c84bade03932809a40058392037f11c268b48bd0bcaae2ee631fde8bdae59134d1931d9ec83d9c11dd34a608f552d5ef1f75f6cb2d4181c81f5a2ab6a4a2bda20d276ece4018200a1581cb0c53e2bf180858da4b64eb5598c5615bba7d723d2b604a83b7f9165a1581e8456e4d674b469df88acd66c7b800330f168f999cc5daf02b8e439a352421b3f3cc08917fa8dce028200582096964c6c2c9a194753de6fd4ad0de9aa2cbd1df7dc2c14806845299692149c9d03d818587482008202828303008083030383830300808200581c2ce0c80cefc9051eea461c0c49f78d3dcbe49f7cfa4efe16780252418202828200581c5ab47c97359871bf2d525a03e111b42d9798f742f0cc3356723bd9968200581c182cc141984399ec50a2899fa340b5685c18b1e4b2a957c7b793dc95a3005839302c514d3d7366cb81cdfd3cb011f681bb46941f47ee80f1fd3e2c9bbe85d9df431b6c2add57fc6bbe08ee553c3163febc8640526980fc21f6018200a1581c2e12c5e499e0521b13837391beed1248a2e36117370662ee75918b56a146749654288aab0103d81845820082050ba30058391062028eaf2db49b96044c2614650de680a86819a4dd2917e58171798e57786010bb3e2de07294783222d24e21a69e8297f624844ffc9339ed018200a1581c245d5a7a06fe18358242e81281cd5ba9e6abe4efc54e7b659f25abaea1581ce47ea807ee88d4a7fc7b1d545ed412ca929542568a27a347fe29063b0103d818584582008202828200581c05a19df2b0a33f844b1dfffc8dd629467027b604ba6c1750e551acac8200581ce8ae5e296d186dd15f3db3c83665321324def6f2711a74ab91b63967111a000a8a48021a00081f05030104d901028483078201581c8f2f3fbe762c9d18ad68fd8c51425401c3e0cd5bee124880935c904f1a00092df78304581c4e3eb1e08bd982b623552c064dbe3ec6d06e1c8b0f8841dd2197feee0e850d8201581cc3cb0a1b8fba6062a2441dc704b3b0f85b1b2e351059d5dcfe93bc65581c9852bf1d1d6048e739fe68430186135ae8adb4f248e6a3ef6e4aa87181021a0007679a83098200581cd4c8cfa130fd2bb2b6a86dcbd18cf6643ff86963084497020d97e62b810205a1581de0e352a71d85a90426a6ba649292380462497042b4d20f7caaf80cf16519542b0ed9010283581c1d592222bf90c2ef5dc0a63526b24a683dc4c04e7b4ab81baca923da581c465f18ddaef827d160f7dc082fd3ef07693ad81e02eabf611cecbb69581c7a081643501572ac26b22281c93fdca6a399dbced387535eb4ad987409a1581c467f58932b54910584a0e8ea25a225e06a14530b2e96e938c53a3f22a141371b3e35569028eab6530b58200b3396a8bf7eead32843bfe6c8af4c6826ad18ab537313bf6f153a3174e7e5a60758200bb23edbf650e9393e329093d8f0f23dae92b15f881d8776124fb232736151170f0013a18203581ca7bfc9629793aa1855c94cc8b509d242d59b20837051eb02e0ffa990a68258200777f1ae71910fb3a706f7bbfb04a4adc62129f2ece6775554bc7557d861eae1028201f682582065ffe60a307d46ed6bf8a419c72a4dc0f9f372317a9a383b4f4601b361c8ab8607820182781868747470733a2f2f3270786a4d4c6f362d6b45692e636f6d5820640254c14a3b6ab58aa9a7c706c3f8680deeec3e329fdeb74ab5b76d6309c79582582099a6d7b9bff5cc49e2b28af22cfd963648f41253cdb478fb281e870cf41485b405820282781c68747470733a2f2f64536b4f2d4866446652777a6858356b2e636f6d5820586ddf5162088ddeb85cd401dc6e5ae3c9d30e3b73f551c979c3411e12b9a85a825820aec4e0af2e8ce0ca3894de2d921548c319962907768a242e5ad111cc05f924c1038202f6825820c51c259e4eace0cb433fab45cbf88397bd238859aba73fe0dfc6a69c3108992c038202f6825820fde19fa53d6ba476b42e124d9f03a36bd1182a84eeb8c04f1dd197944551a76507820082783c68747470733a2f2f3538304e63454255316b676774644f74485744517a61434e3536526d384534342e397649336c4c4359514b59544f524d2e636f6d5820c0a543752446d1d95e9cb9e1503adda3d901e7ae6f54f826d9ad5d824ef4d85514d9010283841a00036680581df0c767880af0436819698ce7066903edb66bb19b874356cfa0190408de8400f6b7011a00065b3e0304051a00089940061a00047e1b0703080809d81e821b396981d90d0a3eff1a000f42400bd81e821b000555567a0310951b00071afd498d0000111a0002a98012a3029f2127280b2d032400102624242e2c262207102324060d02020326270005010c0328040e0000250128092a00290c0c0d2e0b07212a092726002d0b050e222f0f0e272d24270d21202a080222250209062d2f100125242d2c282d0a062c072d05002e2c27081008240e082b012d032625282f0b2e0f0305090d0806230e230901000109040600232f2b022d0f0325202a072b2a010f0d2906250b0f0e0e2e06100f010127222228052b020e000c2a290f210a220825212b092d2f0810042c0a2a2f0804222f222c2a2e2903270f022c25050b0206040f0708082527260e29042128212a260b0a1004ff11842f29040d18b681211382d81e821b0d6f254feaf85f3b1b0000003a35294400d81e821b79523c25d16e72091b00005af3107a400014821b629eb14cd2c931531b6ed5a50dcd5456ee15821b6abc7488df7f3b4e1b75266061574366e616031705181802181985d81e821907f2190c35d81e821b3469c93da4cd90331b8ac7230489e80000d81e821a7c90de5b1b000000012a05f200d81e8219d6cd1a000186a0d81e821901f51903e8181a8ad81e821b00000426a008c31b1b0000048c27395000d81e820b1819d81e821a00a6e0791a03b9aca0d81e821b00000025d21dcef71b0000005d21dba000d81e821b0b612248c11e1ee31b1bc16d674ec80000d81e821a004269751a00989680d81e821b0000000649210a011b0000000ba43b7400d81e821b000001eac3fe06011b000002d79883d200d81e821b0000002179bad0e11b000000746a528800d81e821928df1a0003d090181c02181e1a000be3f4181f1a0002a5c51820081821d81e821b2ede2f62bf84e6671a004c4b40581caaa80de29acb19f384dad8e4d4477fe5eaf6b06d2f3545513c6ca8d1827168747470733a2f2f324e2d41462e636f6d5820bae7c81af77f1dd54fbc5693775ff1d59eafe3d5c7866539d31b915ba1592284841a00058ad0581de1cee742207bc6334e0895d8932242f19d74c8f4b26b8fd8eec77846138302a3581df091e5395ed17923d763b03d3263d34c54f05fec614978da2d43b8677e195a6a581de015fe657f3800863b326f9ff616647064bd8683b8aa9f69afc29d4ed51a000e4de7581df1deb78d8ad297b9c908a81046056219240d592895cf308e6f6094f1ae1a00024040581c20c0af79dce6111e38de569e076f0bcd720534f09ab095792e11ab3e82783468747470733a2f2f50717a396a58744b6858446b5647675a2e72794634335a58616d7930696d4b51735776316b5937622e636f6d5820983b0470330505962be96db9e23138153fda981f6c9db46ccaf1f2154f36defd841a000eb562581df1b3f8ecdb8352b3f5df9ee6d52bf76ee3304a9955e2deca885482a8488302a6581df0ffdccad3cca2328e8f28fceefcdf6b8a3cee875c88de85dc374ab9571a0007168a581de052a808ab25c175b725496360f320640e13c8cab574df82084c42e5141a0002a3f8581de0ce9ab9723460bd00a05c69185fc59797aa065fd6073bdb5d7f6bc5961a000b002a581df122062084f0cc4972e4f91e12122f0b69246455243b7d64b3b416a46d1a0005f987581df1df9af461acc5d937f1431fd84d7e3653665d7da0b60579f2f5ac5b861a000527a0581de1ac7150c785b743efa7c90568e944df3c0c8d8a241837c73ca31e4d391a000357ea581c4a593ad3a5cc4d4883a61a3438e41a56a0ddd1afafdd77165fb7098782781e68747470733a2f2f534a2d546c6c674d6a4544784d62535a74672e636f6d5820e28a74ec55d6e9cb8d31af7967a34dea791251583d8342a7d4c65fcbf9fc94e6151a0003e7c4161a00046450a400d9010282825820f529a630a45917a1455fd174dde943e9a916a9c81a3940ccd48888bbc22bfbc4584077297e8be4be5cc04408a1a3bd4e955eadb158e36b6213ee8d05e49b8fc842bab005257d0ad3e6b8d913a576b42758510d09c4e5ff5e38a45fa155b1602d843e825820abb27fe2853d0fc875d770bf62ffbb1ed6356a2c68422c8e8ce865888f95902e5840c48b0193cb4a8a36313275ec625825afaa4ff80a34e8d61b712d37468c2e1d519aee66f5e4475a56e9b9001bc370d6542a6775e36eaa80e24ef2735a197e6d2f02d901028684582023bfdc28c52129c95281e861f87e0508e02452e13363c1dc3147b9e96cf3731f5840b794a84729ee3d9602e3d2b9f4874dcb2fa32ecce7b0dc292897a51266a8ced544ea474f1a2f3893efd99d6679afcd268546336520bc76c003c617c0389bd04a44a60a6ef1412f84582021bef430a10d6774f794bdfb5026209b2ba3ec423afec13a63b4367c9c0c870358400cd4ea9e4171a49d6fc85974d388a46056744b18549f0323e5e28f98b9a546986b16138b2f1486fb8c94e359b5a5e1d3a38e436c3b737c8828b505c1312936fb40446de2f7be845820ab9f21d887636c2edeca8970a6a8daa4d8e214a41eb1b2e34794b7ba3257a65e5840927505b79b4f91ff63f8f1aea4aa5dc513aaaae82d6c2c0b2967bc8cc0b746a59e30fd8ff811ad6498fd0dc5712b83b722a87d78bb4ac7711cd79b14ecf6c1f5443d300e8742d91984582042f47f9f51bc7bc2d4790baed4fe48145bac0669e66bb1073d51d6dfe51fb7dc5840f0d56275e1cd5359108bc05adcbf9fe19420228baa6170d3eba15fea18908c02a022bddb3d3fe9b0ef102ac14a600ea294714d0a105bdd858f9231009df8a3294044863218f984582074a5bbe265c9f7ef250a01a2279f80854a8ab2c04595a4951a624f5c054e1fbc5840d4898b9de7d8019a2a4298dc7d4dbb38e2007c5ae0c5c921334cfc1cf00d8977de29bb0428db9b29d6f41754e99a0d39600ba5ab8ab55f68d6e08b1309bb227941c6439c42298458207a0239acf80976beca69dfdb107c3cff9356259066c6de62eea9bf7befdde07358405f95dc955c7e86f3f679300234adafc64252d484fc24393b219974006bff5b20e40ee27e0e475cfd560ce4384f5cc6388998e1a4ad356d6329b3d971d29ebc054400559f444526baa0862c04d9010284d87c80d87a9f409f05a0ffff41aa0505a482010082413e821b583a36cf3a2c328e1b6fa80b73b87b315982010582d87e80821b0b4cfa8a85a769431b4755f69efed8ff8c8204008203821b7aa7e479116f229e1b7c1950cdc1682bce8204048223821b6223ed9ad2f467a61b499c77150d5abd09f4d90103a0",
                "description": "Ledger Cddl Format",
                "txId": "6e9a7fd288f4790d819083a2cd3d8bbd018965a403419f63ecf95a26c7665144",
                "type": "Witnessed Tx ConwayEra"
            },
            "headId": "05030806030802020303050408040305",
            "seq": 2,
            "tag": "DecommitRequested",
            "timestamp": "1864-05-06T02:47:44.624235948889Z",
            "utxoToDecommit": {
                "0103070002050508040006030300080307070808080308000503040500010101#92": {
                    "address": "addr1q8qak7gerqvp08wgwmuarn4squp2e8qtpr9ttzlmqaxk87w7slul0ykj0d26tvjduudama7ytnap0rvq59mg56u09m6qgs5m6w",
                    "datum": null,
                    "datumhash": "2587e36863a6bfb454696a1ba80d25dfefb42e251108895b12ac57e638614d17",
                    "inlineDatum": null,
                    "referenceScript": {
                        "script": {
                            "cborHex": "820502",
                            "description": "",
                            "type": "SimpleScript"
                        },
                        "scriptLanguage": "SimpleScriptLanguage"
                    },
                    "value": {
                        "1ea28c7c071e47e7d2efc9c961943364dbd32df0cdf9e75e14f4909e": {
                            "9aabe280": 2
                        }
                    }
                },
                "0308050302020102010503050703030002020808010101070000050103000400#72": {
                    "address": "2cWKMJemoBahEjbByv9wRBZ8nBcRmFxxWc46wQq3SRo1E4cF91ufiNybde6c1JcbmF2pn",
                    "datum": null,
                    "inlineDatum": {
                        "constructor": 3,
                        "fields": [
                            {
                                "bytes": "acbf"
                            },
                            {
                                "map": [
                                    {
                                        "k": {
                                            "list": [
                                                {
                                                    "bytes": "5f96"
                                                },
                                                {
                                                    "int": 5
                                                },
                                                {
                                                    "bytes": "4258"
                                                },
                                                {
                                                    "bytes": "ccedbfa7"
                                                }
                                            ]
                                        },
                                        "v": {
                                            "int": 1
                                        }
                                    }
                                ]
                            },
                            {
                                "bytes": "d38e6a02"
                            },
                            {
                                "constructor": 5,
                                "fields": [
                                    {
                                        "bytes": "096bc0d3"
                                    }
                                ]
                            },
                            {
                                "list": [
                                    {
                                        "bytes": "1db4"
                                    },
                                    {
                                        "constructor": 0,
                                        "fields": [
                                            {
                                                "int": 3
                                            },
                                            {
                                                "bytes": "70b0ae52"
                                            },
                                            {
                                                "bytes": ""
                                            }
                                        ]
                                    },
                                    {
                                        "map": [
                                            {
                                                "k": {
                                                    "bytes": "39a5"
                                                },
                                                "v": {
                                                    "int": 5
                                                }
                                            },
                                            {
                                                "k": {
                                                    "int": 0
                                                },
                                                "v": {
                                                    "int": 5
                                                }
                                            },
                                            {
                                                "k": {
                                                    "int": 0
                                                },
                                                "v": {
                                                    "int": 1
                                                }
                                            },
                                            {
                                                "k": {
                                                    "bytes": "4c"
                                                },
                                                "v": {
                                                    "bytes": "e766"
                                                }
                                            },
                                            {
                                                "k": {
                                                    "bytes": "4119561e"
                                                },
                                                "v": {
                                                    "int": 1
                                                }
                                            }
                                        ]
                                    }
                                ]
                            }
                        ]
                    },
                    "inlineDatumhash": "7069fe71b21addd5143036f54b333ff9f2f5db6d64a4a73ddfa2651f500e8a2a",
                    "referenceScript": null,
                    "value": {
                        "d4c11ec12244b4bd6c4adadf989a815a7fbc3c1c477c0f02e89fc8af": {
                            "30": 6340756046099720042
                        }
                    }
                },
                "0407020405000702060702030400000506030004040203030402070702080307#51": {
                    "address": "addr_test1zqaek2z9jsdn3s9dkf8tuzc7txhsh8atd4t7qtnn3h24pxf903rpk9ghjgz6y92xnkurqh3zjtgdq78q7tr34hcahuuq0v9dt5",
                    "datum": null,
                    "datumhash": "8678e597b60bff824fc29f7a1c027bd4f425da19782f7cfe5590fbc39887adc2",
                    "inlineDatum": null,
                    "referenceScript": {
                        "script": {
                            "cborHex": "8201828201848202818200581c634f3dd3ec482423f5f45eefdbb9f91315265ea905acb3a17364d5f88201848200581c3b1168af23d83e4020a32cfaf8dd36f9d97f4b49958150b88dc4303e8200581cb94ed7f6d3a5cbb7477d21b7e3ca4f04e542b77e73c940d5027769468200581c3eec94cfb851f9ee9a37c616e1ab9c925fc1fc063afe7d2015aaffb08200581cad27b4427f560f1777d998acf863d0d6dab96d62ee86344d94c338b483030080830301818200581c21b6a572812a0ef30ec8860fb71df79235f1a7ee842d7f3cf2a8a5158202848201818200581c4e5c26cd40f932577cccf99d78010504d4b0de2ac7ddd4fa19cf8b848202808200581c36e84238335514e3d2bce0281a0271ee247d62ebe8e508294c2bd78f8200581c9320127ff138dee1101ea25ca786ca6053c044bf0aa79795802c9260",
                            "description": "",
                            "type": "SimpleScript"
                        },
                        "scriptLanguage": "SimpleScriptLanguage"
                    },
                    "value": {
                        "2d725128406dc832eb74c4709aca0512499b3c7b17e00d7cb2e6d1b1": {
                            "3f8e72": 1
                        }
                    }
                },
                "0506010807040301060702010407030700000205080504080106010700010707#61": {
                    "address": "addr_test12zvy78hnds5dqkrhdexvhvu0s97chzhe3qjcv5eykh76rmsyqyrs76xnkn",
                    "datum": null,
                    "datumhash": null,
                    "inlineDatum": null,
                    "referenceScript": {
                        "script": {
                            "cborHex": "830300828200581c4a8aff11eaf69836e0c4a2a4d334215bed42e2adb3d9e53edaa8c801820181830300848200581c5a630b1ae0a1b4ba63c65f3d04c3b5e0066affd27c39a67036cabca78200581c38623e67404df600768cb8528533ccbbb3c7239895de1cdecb2cc5348200581c05604bd88d9937ad76d2b456bf8e2705b5eb2947b42ffe6fa379e29e8200581ca11d7e23c33cc003f173fe0fcd777c3e68f5ec9937176931572fc2aa",
                            "description": "",
                            "type": "SimpleScript"
                        },
                        "scriptLanguage": "SimpleScriptLanguage"
                    },
                    "value": {
                        "3381ebe32074f17770b46202385e7362324256d7b41495511c1ac0f0": {
                            "7a1a19c3935961881a29c0": 6844179473458612083
                        }
                    }
                }
            }
        },
        {
            "ourVersion": 1,
            "remoteHost": {
                "hostname": "0.0.0.0",
                "port": 6
            },
            "seq": 4,
            "tag": "PeerHandshakeFailure",
            "theirVersions": [
                3,
                6
            ],
            "timestamp": "1864-05-03T05:49:29.482491234099Z"
        },
        {
            "peer": "lrssxu",
            "seq": 5,
            "tag": "PeerConnected",
            "timestamp": "1864-05-07T03:11:35.158624010224Z"
        }
    ],
    "seed": 909970669
}