{
    "samples": [
        {
            "contents": {
                "headId": "00010100000000000000010100010100"
            },
            "tag": "Abort"
        }
    ],
    "seed": -1059385853
}