{
    "samples": [
        {
            "contents": {
                "headId": "00000101010101000001000100000101",
                "utxoHash": "0001010100000100000101000000010100010100000001000000000100010101"
            },
            "tag": "CollectCom"
        }
    ],
    "seed": -1285008402
}