{
    "samples": [
        {
            "tag": "Abort"
        }
    ],
    "seed": -192318414
}