{
    "samples": [
        {
            "tag": "Contest"
        }
    ],
    "seed": 1122168721
}