{
    "samples": [
        {
            "tag": "Fanout"
        }
    ],
    "seed": -210750077
}