{
    "samples": [
        {
            "tag": "Init"
        }
    ],
    "seed": -335653846
}