{
    "samples": [
        {
            "headId": "f865d59c82becbd04235e64c970fba61",
            "party": {
                "vkey": "c5c123f4564b957db4f04270f078267c7dd70859a7ae3522cc215bae177bbb73"
            },
            "tag": "Committed",
            "utxo": {
                "21f91e23af3764b8fc4ac541a5c440ab2a0c7f171a427db9c785021f5436b65b#36": {
                    "address": "2RhQhCGqYPDnxYXFyrHVRZbMn2picarqkZ3pACUKbMLVSVTZvNMhhYjTLcPTEg4ZTLJnq11CPFszum3d7KMfyKkXrMxLMkWt9KujxreivRd349",
                    "datum": null,
                    "datumhash": "3a862038eacbbd8e9818cb0d03c95d7e972af73ebe7a43571ec7f9b43bc0dccf",
                    "inlineDatum": null,
                    "referenceScript": {
                        "script": {
                            "cborHex": "82051a00e8fdab",
                            "description": "",
                            "type": "SimpleScript"
                        },
                        "scriptLanguage": "SimpleScriptLanguage"
                    },
                    "value": {
                        "b5e10d8f945a2844e7e396956b0a386f347284fcf340db0c4399e741": {
                            "58abff19fcb2ddcf32b089781beb92a4df5f4dcdcb33be188390": 3
                        },
                        "lovelace": 1
                    }
                },
                "51c36b0d000fd3cd8b20d8097c022052fde860c76247cf879d5d7d039414b9a6#32": {
                    "address": "addr_test1xrxguhzh9f9swncmdycf64athvu74aevc4q6q8v6e60dv55gcc58egsjx3x9f236r87lqa8gag2sxwttylfznqns240sqfvkvd",
                    "datum": null,
                    "datumhash": null,
                    "inlineDatum": null,
                    "referenceScript": {
                        "script": {
                            "cborHex": "8202828202848201818200581cb1fefe36c87eec0c0702507319b4e600599a1e4a1ccc5581ede584338201838200581c65f091f4c43e6be2d8a037f720c2f1088a00e3f2b24fb1e4d718ed618200581c3400c1f0ad9a55dc5ab58d7c52e0cc0d6534c126eabb0b9d1ecb190a8200581cf1737a18945fb6d67452e3d9bb59bf3520c6ca80b72081d6ea36f3ab8200581ce1c5f9573fa754d7be805cb5dc47e26a0d0c1ca8cdb2c979939bd3bd8202818200581c7cc18f9c071af99714d1b27a5d47a0b9d626e12cf135bb391a65f5798200581c8c81294680b1af2c99170f5a7376e763519a7f77bc41c7ae01accb61",
                            "description": "",
                            "type": "SimpleScript"
                        },
                        "scriptLanguage": "SimpleScriptLanguage"
                    },
                    "value": {
                        "2d725128406dc832eb74c4709aca0512499b3c7b17e00d7cb2e6d1b1": {
                            "31": 63129474088685323,
                            "33": 1
                        },
                        "b0c53e2bf180858da4b64eb5598c5615bba7d723d2b604a83b7f9165": {
                            "30": 6312143182187304678,
                            "83e827cd17ef97b013442739": 1
                        },
                        "lovelace": 3551353428492840013
                    }
                },
                "d900e9eddbd1d8f84449673e4f61387d188495cd4154d202cc3a0259d2ec02ef#12": {
                    "address": "addr1xxg354z0f8755dtynfdhldllr3u0h86754tkmxduycka6gaqxzr0em79pr7uqzvcswkvrvf73899t6c6x63ad234vuhs05r7ge",
                    "datum": null,
                    "datumhash": "fe4c0b760f191ab8a40795573e465ce79a5db27609497650ad816c3618db36c0",
                    "inlineDatum": null,
                    "referenceScript": {
                        "script": {
                            "cborHex": "820181830300818201828200581c7d2b8d9d2e11963b2d9b068ac364e11c6c1eee95d6b4684d217ebd7c8200581c93648f7f97c22eb428c7fc67b0219aa49f637f5b8c2c6016b432e253",
                            "description": "",
                            "type": "SimpleScript"
                        },
                        "scriptLanguage": "SimpleScriptLanguage"
                    },
                    "value": {
                        "8f461954fe2f18fee1dca233f358907e643ff839ed1f995e4bf325e3": {
                            "aa565787ea9353367119f5e049e58e954bde4e749d": 2
                        },
                        "a5984709f7bbf1e167b17693ce1258bedd8f2d0194cd401e77f23430": {
                            "39": 1
                        },
                        "lovelace": 2
                    }
                }
            }
        }
    ],
    "seed": 864973294
}