{
    "samples": [
        {
            "headId": "a1f24dedb77e18f49fc74a1f90a7d358",
            "tag": "CommitFinalized",
            "theDeposit": "3359f851982f70ba087e628cbab33567baa2cfc485e959a4eb94f74a0bd99c11",
            "utxo": {
                "01d78e96dc042b13b37c7ceeed2ada02ce84d6e07e068af9252bb0c06f14a69e#89": {
                    "address": "EqGAuA8vHnNmh97wBAFcKD5WUaL3UDA6vcu8BHGoLDFxXqfzzjsrC3jRDpnw1DU87fwQpvKAvjC5Gg7Ln5QE1KrA6oo5h3KJpNRZDpPF11YtGUuKV7qi8fU",
                    "datum": null,
                    "datumhash": "b24c5f5e3b0e696efc49ccaf938a7bfa496af0a15067b1c73db6c048889903bc",
                    "inlineDatum": null,
                    "inlineDatumRaw": null,
                    "referenceScript": {
                        "script": {
                            "cborHex": "8201828201818200581c40315d1338af574dd67c5dae4f26c3c90841131ca7bd7fed77e092378202818200581c2abdbdf337eb3e52201f3841ed501768f454567c5d3e6235b2cc6e99",
                            "description": "",
                            "type": "SimpleScript"
                        },
                        "scriptLanguage": "SimpleScriptLanguage"
                    },
                    "value": {
                        "467f58932b54910584a0e8ea25a225e06a14530b2e96e938c53a3f22": {
                            "ac088a134f829e13": 2
                        },
                        "lovelace": 1
                    }
                },
                "158a615a8ed7c7de1f032a48219c55a4ecfefe2ede8111eab997e02c697061e0#26": {
                    "address": "addr_test1zp5hprg8zxnczfef5qs9x7rsyzw5l3el7yaveyd64pxhq36m7e8z8xer46c3nzjnddwrems20m9xrsz6gfhzjajdljasv2x9qm",
                    "datum": null,
                    "datumhash": null,
                    "inlineDatum": null,
                    "inlineDatumRaw": null,
                    "referenceScript": {
                        "script": {
                            "cborHex": "8202818201838200581ce0e090a40b2ddd41f3436eda962a38e59376dfecf83147d41628fe538200581c7439d097ac13205036c95148bc82f76d7a7e54b9088ffb497559f9d6820280",
                            "description": "",
                            "type": "SimpleScript"
                        },
                        "scriptLanguage": "SimpleScriptLanguage"
                    },
                    "value": {
                        "4a1c412d8e2b3015a7fb7d382808fb7cb721bf93a56e8bb6661cdebe": {
                            "8000dd53da23f5": 4992807603497303406
                        },
                        "d4af797296d30160fd84202139239afdacd646e05a9f37c1ba4e25c5": {
                            "df065235640dc4ebe0cb375908a4593ce365c138b1251db39fc3e545ba3dc4bf": 4567188515457407681
                        },
                        "lovelace": 1
                    }
                },
                "18522788c24e31d3e93a4222d423a011010c3a795a7610dc78509e27843a84c6#78": {
                    "address": "addr_test1yzkltexwrsmz6wjlwdzmly573s0rs77jn0y7n3zttmctjl2xt037fcj3ysg25hv207sx9gcy76fcfhw6pjq2mrfuxaqswx2grt",
                    "datum": null,
                    "datumhash": null,
                    "inlineDatum": null,
                    "inlineDatumRaw": null,
                    "referenceScript": {
                        "script": {
                            "cborHex": "8200581c42f21de445fa26b0311f239f5e21bc6f65101bfb9af4af782176b4bd",
                            "description": "",
                            "type": "SimpleScript"
                        },
                        "scriptLanguage": "SimpleScriptLanguage"
                    },
                    "value": {
                        "bc2f3cb50571a3218c9a5d157f00109dc595e40468898262a1ce740b": {
                            "33": 3961319494247048505
                        },
                        "lovelace": 415883468010833724
                    }
                },
                "1cecbc31866da8a7f67a3a3c502776edf469b9f0bdec4584edc04052dcfced7c#30": {
                    "address": "addr_test1yruglm7cwah9agz722f9pm8uvu2pflcthen62z2534gevkedjlfz98mawu4hsvvm56algqsnrl5lmu5t06ksgxe9cw4qcqp6dl",
                    "datum": null,
                    "datumhash": null,
                    "inlineDatum": null,
                    "inlineDatumRaw": null,
                    "referenceScript": {
                        "script": {
                            "cborHex": "82051a000ec8f4",
                            "description": "",
                            "type": "SimpleScript"
                        },
                        "scriptLanguage": "SimpleScriptLanguage"
                    },
                    "value": {
                        "63d7bab7397b97ddedd5d8c4616a5efa8df9a517cee3f318d36e6b7b": {
                            "ff532d2b74d8636d322d538f20b8d0c7": 1
                        },
                        "fd74b5d658256e238d339b424c83d62b004d1c54c654cd379adc5c2a": {
                            "35cea68cfc38": 1
                        }
                    }
                },
                "2269c22118d25f6c1e5dfdb7bc82934f099ed073d0dd0376411fcf38d3e345aa#99": {
                    "address": "addr_test1qrhdgf73au8m254q7f6ae2hwp8uvw7u7ezm38ptpacmmfh7u7a8q3pk5xjw9nwa62xwzj33wnrlfzqpmykks63c9wtwscpnlre",
                    "datum": null,
                    "datumhash": "d34236c34c7215ae4f89c138d5f8d8a92bd6ccb561f5ba0473eec7995d7ca013",
                    "inlineDatum": null,
                    "inlineDatumRaw": null,
                    "referenceScript": {
                        "script": {
                            "cborHex": "8303018183030282830303838200581c7bc88242caf23eb03ef65323e9fe4d5820c27bf9883ea7aa9157a7558200581c42d2c02c4db40523de13c7f7484d1402aa163ab1d7fadee0b6e4867d8200581cfea0267342aaa90b5d0411ba8151d7afc94d1882986b49ba66fe88f3830301838200581cde79ad8c47929f7677f1096edd7c87f01b3c4fde8a90c8909b1d0cf48200581c91da9c03cc71ebfe183b727e440ce1302fd5bfa81d4ace11fcc5bb348200581c073af258a569cfed795447a4740157b461d96ccb91337a7b12637a05",
                            "description": "",
                            "type": "SimpleScript"
                        },
                        "scriptLanguage": "SimpleScriptLanguage"
                    },
                    "value": {
                        "2d725128406dc832eb74c4709aca0512499b3c7b17e00d7cb2e6d1b1": {
                            "301f19bb3bfaf637761fcd9568ce89c6d77cf7c93a5f8a8eb54c74": 2
                        },
                        "4a1c412d8e2b3015a7fb7d382808fb7cb721bf93a56e8bb6661cdebe": {
                            "32": 1116431078437677824
                        },
                        "lovelace": 4892552720016751910
                    }
                },
                "2c41835bd008cd3fb16f60276b9707d699db143d1ff6f4e286b93c2114711628#84": {
                    "address": "addr1w8avgh46l24x2kx4vnprnrmsv4jkkyju8faju4uscj66pjsxsn5kr",
                    "datum": null,
                    "datumhash": null,
                    "inlineDatum": null,
                    "inlineDatumRaw": null,
                    "referenceScript": {
                        "script": {
                            "cborHex": "8202828200581c547efe45865cee01000bedb1146924522db5121f84e563cabc5023df8200581ce479c0def02e2364333303f3081d75dfb40d383fb0f146dbd8868fb8",
                            "description": "",
                            "type": "SimpleScript"
                        },
                        "scriptLanguage": "SimpleScriptLanguage"
                    },
                    "value": {
                        "afba9af5f1e74aacdc79bb128c1185a2aa527300fae33af0c454479f": {
                            "cb5d46436a75b4ca85037e8f2faa1b131a9d0a0c96f30d138a": 1578806047363035376
                        },
                        "afe17530418306596d9e13ff089704231f0f08f6949796a5a7f85b9a": {
                            "771dab208cd800e55f914c86d6eb55d0089cb0d75b": 2634254394122378732
                        },
                        "lovelace": 1
                    }
                },
                "2cb0b52876f58c528a40e19a206040a2cd719802511f061a6aa4ad0edf098476#22": {
                    "address": "addr_test1qrfq9pwyt8gl6mzztkpf90tln0vsptx5y5u3xslpvtn9039lfset6lm5cm9lwyjrckyp67slql47lkgvaq67khk4wa3ssqvhzr",
                    "datum": null,
                    "datumhash": "6b1f9486f0a8c38642dda62acfd7da1a157e72ff112dd9656032bc9e126d959a",
                    "inlineDatum": null,
                    "inlineDatumRaw": null,
                    "referenceScript": {
                        "script": {
                            "cborHex": "82041a000e18bd",
                            "description": "",
                            "type": "SimpleScript"
                        },
                        "scriptLanguage": "SimpleScriptLanguage"
                    },
                    "value": {
                        "467f58932b54910584a0e8ea25a225e06a14530b2e96e938c53a3f22": {
                            "36": 8817925289956813823
                        },
                        "lovelace": 5294873075269635019
                    }
                },
                "31497c1b964943850bc2dfce5ea29fa42033a7a857f485decd06b9fadb467756#73": {
                    "address": "addr_test1yq358jxhwux2uw9p9dsh6560z502clhrk94taxsf6f9wp8430wduay8vjpjh6xyp2xygsuzpvl92yg6n8ch6ka2m7gdqgxpw02",
                    "datum": null,
                    "datumhash": "1fa48f3001417114c376254ab069daa28a4b749b0bd3c390442715bd5f70be2e",
                    "inlineDatum": null,
                    "inlineDatumRaw": null,
                    "referenceScript": null,
                    "value": {
                        "2db8410d969b6ad6b6969703c77ebf6c44061aa51c5d6ceba46557e2": {
                            "9d7be8d2ae7d432444c409864859110aee197ca2a943975c05ce7712": 1278450188063805573
                        },
                        "a74699786b57498df5c55868ef079a83c8f3249a67a51cffbcc3f7b5": {
                            "6bf23c49a22f3d10af63e0e6d6ce4a760d": 3,
                            "7d628375f09b3fb675f402f83c1507c761545024308c5adb": 8576416219556719175
                        }
                    }
                },
                "332540cfd847db2c061e1d3a087cb4874f86731c6cbe7c12e4d95227c8e9afa0#70": {
                    "address": "addr1qxqjlcapdm6v3djze6jy875qj0akzmp0rt3rpazh6lsvpkr0qct7r96tq27tgavd7hlwfa7vnqqc9yz2z8wl76syc4mqenu63k",
                    "datum": null,
                    "datumhash": null,
                    "inlineDatum": null,
                    "inlineDatumRaw": null,
                    "referenceScript": null,
                    "value": {
                        "b0c53e2bf180858da4b64eb5598c5615bba7d723d2b604a83b7f9165": {
                            "d9292ccb5a1cf8c78283c16abf26639027a5": 5792619365619613943
                        },
                        "b407ff56c0f88bc5b12c2330cbba22cb1028a5ee7458984f26ecaa68": {
                            "ab9517a111ae8cab3b51b093ab02b9fdfc4e": 1
                        },
                        "lovelace": 2
                    }
                },
                "348992ec6251c10e6d5123604522ac64055a24d85dfd21160f37caf415fb4d1b#64": {
                    "address": "addr1qymcjhwkymfpelhsse0yw7rdms62ymluewe8cszl5ll5x23656lckwwncdtyq6um3v5aq8hdlfujv6htxuv2lj6sfzys49rmzv",
                    "datum": null,
                    "datumhash": null,
                    "inlineDatum": null,
                    "inlineDatumRaw": null,
                    "referenceScript": null,
                    "value": {
                        "467f58932b54910584a0e8ea25a225e06a14530b2e96e938c53a3f22": {
                            "e957dc441bfd68198e7d29e9b9dd3e64042a55c36537031a": 1
                        },
                        "b0c53e2bf180858da4b64eb5598c5615bba7d723d2b604a83b7f9165": {
                            "37": 2
                        },
                        "lovelace": 3126876268701817002
                    }
                },
                "55ae319287c38281c866b451cf3d9b26a497f6c491fc77963606d8dc12939b62#88": {
                    "address": "2RhQhCGqYPDorkbDt5upz9KhLgUDAWjzLH6M3nETP9JTcQvsjVkSv3K4tUwTxBk4aEcJvKmPYoHXrgvVAehnVjkxcMip6R5KHQPQzQcGaHYWs2",
                    "datum": null,
                    "datumhash": "3579e422568da1a8a846c6bc498ecd7fa822932731f618da697b732e216645e0",
                    "inlineDatum": null,
                    "inlineDatumRaw": null,
                    "referenceScript": null,
                    "value": {
                        "a7e4361b432ebdfc9e23e963377585abfc002a5fd78004c71a6b4eca": {
                            "39": 1153707121708112883
                        },
                        "lovelace": 7094497613759122207
                    }
                },
                "5d09cf75bc51f04e086c315e6f31927183218aa9bc9bb36f6c7a63647730f9eb#88": {
                    "address": "addr1x85k4jgtlzcrda04u0n2gzugjfyxjklvx8c5a234usyqqy8gpwukpw8guq5ej8d469pc6usr3r7fs48xy6v29cf8nlzsx5ydw0",
                    "datum": null,
                    "datumhash": null,
                    "inlineDatum": null,
                    "inlineDatumRaw": null,
                    "referenceScript": {
                        "script": {
                            "cborHex": "4746010000222601",
                            "description": "",
                            "type": "PlutusScriptV3"
                        },
                        "scriptLanguage": "PlutusScriptLanguage PlutusScriptV3"
                    },
                    "value": {
                        "2e12c5e499e0521b13837391beed1248a2e36117370662ee75918b56": {
                            "eb94c699d09f5b24e09306aa639bba753a9045c29ba672bd0ab76faf1eb033": 6140894200161893561
                        },
                        "lovelace": 2309715859600584031
                    }
                },
                "5ffe76b08159b77202e459a6c537045cd163de3311e074184a130f55d98e316d#9": {
                    "address": "addr1q8yx7nddz5lqqd6257q3sr5cna36r9grm58dgn5gqm6kk0vn0qzq6tckhuluhgr9fzx998wvl5hy0grhlyrzl43h3jxssz3hmx",
                    "datum": null,
                    "datumhash": null,
                    "inlineDatum": null,
                    "inlineDatumRaw": null,
                    "referenceScript": {
                        "script": {
                            "cborHex": "46450100002601",
                            "description": "",
                            "type": "PlutusScriptV1"
                        },
                        "scriptLanguage": "PlutusScriptLanguage PlutusScriptV1"
                    },
                    "value": {
                        "2e12c5e499e0521b13837391beed1248a2e36117370662ee75918b56": {
                            "36": 1811402595211350789,
                            "de9b42788c9e61b07f72fd7a43b4e1a4e87f177f21b99d4e4d51e97aacc646": 1
                        },
                        "lovelace": 5791068998345981071
                    }
                },
                "6347c8d3d923113b1bcd7ba637f1e876ad58ceeb9abf73fad2f1190b07a9799b#10": {
                    "address": "2RhQhCGqYPDo7R5VbvxKnQowvVLCXLQ4zyYhoF7a15xJPfxpmLnkpsoteJMD2fjhVmHLKGYsndKvuUfrUf1PEwjuz7DXscsbxffg5fPVVa26WV",
                    "datum": null,
                    "datumhash": "2995d12efac0f01efff7c1fa28028cd6d18f5e678c62bf604455c5c7ea89e3ff",
                    "inlineDatum": null,
                    "inlineDatumRaw": null,
                    "referenceScript": {
                        "script": {
                            "cborHex": "8201838200581c0280b67b08750c5bd9d4bcfd26d79f09da797b4faae93347b0e98d6083030383830300828200581c8f98d15770f8dd6c4dc61d87cf036f41e7fdff6acb0f9b46e350d4288200581cf3826fc96452fe40ed8ba29103500c65d5c31d432382522a291a25f3830302828200581c6e55414b96aac804ad83d4a4b39a7bffd1a9285a8d403ff10e68eb688200581c2b99783fc7ac1eb81bc432730e25344b665ae9f864f342af424224e48202848200581cda9b4d181fca2d031d7139ff41712017663a5345f2ea903184b8179f8200581ca0c6f2a685d1f790550cd427f31254d5d30fc3f28a34605cfc028c9a8200581cb1fa7167cc8b68992e2c0f7a918537c3bb862f9efe1c95732ba8bb758200581cf423248b88800ca3f5df686c55c466edbc1ed3a08c11778a8ff6203a8200581c769c9734e1996d1d61f091925af05ec56984f32bff740e50d88009fd",
                            "description": "",
                            "type": "SimpleScript"
                        },
                        "scriptLanguage": "SimpleScriptLanguage"
                    },
                    "value": {
                        "467f58932b54910584a0e8ea25a225e06a14530b2e96e938c53a3f22": {
                            "34": 4060974467749626373,
                            "ae457aabd3d4795d4fe5474422d20f6276ba64408e": 6139761400758285768
                        },
                        "lovelace": 2
                    }
                },
                "6439e1047603d996af7d5c02c29c9b9e288c2814bcbdb7a9b1a05bbf33f16dd2#41": {
                    "address": "addr_test1xqfvd4vnqpy9zcmnguqesgm7zz05h947adl8ah5u59ksh3hmz9s89m58nrseun7hj33jqzrze9y7qe7e8ux3gypffn9s9p4t82",
                    "datum": null,
                    "datumhash": "109e8deec59af068453caa86abc89a50e9d45b82d5c1fcd405256b0ab5d8da50",
                    "inlineDatum": null,
                    "inlineDatumRaw": null,
                    "referenceScript": null,
                    "value": {
                        "35fc16bc89d4adb650cf30c1cbf2bd602630437f7c36202e063d9dbe": {
                            "837bf2209890c578b977c280e18ad0dcf8b113": 1
                        },
                        "lovelace": 327307848657696085
                    }
                },
                "88c1b12e64bd4bc2d603635758f4bc3bf668cbbfa98ca126ad66d9fada2bbd80#18": {
                    "address": "addr1qycrlxvtphntknjnge9nndqrkahf5fn38m2nu74y0fdua0ufr6kkd46e5dqedftzghjmf5nx7hcx9smnq3v4hh9d6uksdv70dy",
                    "datum": null,
                    "datumhash": "e7aac4e3e77ff2082a0737daa592dcedc0d225fba5f0ebf9295b8c947b55e668",
                    "inlineDatum": null,
                    "inlineDatumRaw": null,
                    "referenceScript": {
                        "script": {
                            "cborHex": "8202838200581c6a0b107b1c3e266947f5d169d851cf6f3652b79a786286760766b1f8830300808200581ce5816fc151ddfa68d14545564850a4c11b3e7bba372345ce98462ffd",
                            "description": "",
                            "type": "SimpleScript"
                        },
                        "scriptLanguage": "SimpleScriptLanguage"
                    },
                    "value": {
                        "245d5a7a06fe18358242e81281cd5ba9e6abe4efc54e7b659f25abae": {
                            "067975ad36f0aa7ade67414ba020b75f9db4afb7b61a16": 3
                        },
                        "lovelace": 1
                    }
                },
                "8c1e8f0c617a460b42f0936ddfcda58bad5ab1ec0f5dd9248b1fbe421cef7a68#28": {
                    "address": "addr1q9xwv7vlclswvxv2kf00mvgfpwlutdpm4rfgpr6ln32zdjjzhm5v5qwv96uhwsqlqf4fnhd5xcf9s4k6mmx92fyq06psenqmu7",
                    "datum": null,
                    "datumhash": null,
                    "inlineDatum": null,
                    "inlineDatumRaw": null,
                    "referenceScript": {
                        "script": {
                            "cborHex": "82051a00445aac",
                            "description": "",
                            "type": "SimpleScript"
                        },
                        "scriptLanguage": "SimpleScriptLanguage"
                    },
                    "value": {
                        "4d50a11e297e7783383bf06dd6e4e481230323bd96cd8b8d9ee3888d": {
                            "0bc9e40211ee29bd8bb8fc8507a9ee3abec3b6fbf251317a8a34d65a": 4173872728773723389,
                            "91": 320363330572297287
                        },
                        "cdaaa0088e0a8d51a4aa721cb44c78fce8218505195df7f4d400afea": {
                            "7e307aa6239d778a0a831ffd5a68105104c3881010": 1413450628361549412
                        },
                        "lovelace": 2
                    }
                },
                "905eac0045d238cfc3a38ee966ce7842a3403e97cbd7ab84b19c13b52561b9dc#18": {
                    "address": "EqGAuA8vHnNqt8SoDnKweApTCG1a6XdcSRWzQguTv9g3SQYhZjdtZpG6Z3dHsqvNDoFsCs1pkgR5UA96Zc8a74VtFdpUaDKM8NmRixBaj2GFmPexfiUheZe",
                    "datum": null,
                    "datumhash": null,
                    "inlineDatum": null,
                    "inlineDatumRaw": null,
                    "referenceScript": {
                        "script": {
                            "cborHex": "8200581c666a26d5dd6f53f4d7687918a40f5e1ddf2e4e3e409160fa7fec1a11",
                            "description": "",
                            "type": "SimpleScript"
                        },
                        "scriptLanguage": "SimpleScriptLanguage"
                    },
                    "value": {
                        "467f58932b54910584a0e8ea25a225e06a14530b2e96e938c53a3f22": {
                            "c85c797727df433a2e27755e36c12828c03b7e": 1
                        },
                        "lovelace": 2767727647649417376
                    }
                },
                "a519cb0fc400b84aeff1b0b3fb8b9a45f50cf947b2c7446cb33ce30f134eea60#66": {
                    "address": "addr1g89gkz48cpzeqyl4wjck2jh70jr2l6zzjmhv5a0s4y83czvplpmvv6uvqvpgf3dp",
                    "datum": null,
                    "inlineDatum": {
                        "bytes": "6e1efc"
                    },
                    "inlineDatumRaw": "436e1efc",
                    "inlineDatumhash": "924dbbfaefd33d9950611938a44bbad7af47470ffbea6fca92b40b0e5d343eb4",
                    "referenceScript": null,
                    "value": {
                        "1511cb0af2ab02e6d71dd0b874227585a39a8d6b68d396304ea0150e": {
                            "33": 3
                        },
                        "lovelace": 8296431742124564779
                    }
                },
                "cf8e815e98c46bc7f09e45b79091f971e055f458e57d1c6996c7a7b05a07d877#34": {
                    "address": "addr_test1xqyzfeq7pqa755472sqas6ps22q5mwkr4zxgesz5zns6elvz5gwn5snm2luzl3wwzujg8taun90nyagm29xzf9vm5erqnrw4p3",
                    "datum": null,
                    "datumhash": null,
                    "inlineDatum": null,
                    "inlineDatumRaw": null,
                    "referenceScript": null,
                    "value": {
                        "4a1c412d8e2b3015a7fb7d382808fb7cb721bf93a56e8bb6661cdebe": {
                            "81a1580079072c9e40ddbee2ac1bbb45bfd3e41cf2ddf59e4f": 2
                        },
                        "lovelace": 2
                    }
                },
                "d3e8e113f9f2d17eca2c1c466a0d6a9f17647152f4315b42dabcf5fee4a807c3#20": {
                    "address": "addr1v8nnet7z02lsn9fjlp8rcm6vntleq9dhqfz07wl5tl2ql9s8t4355",
                    "datum": null,
                    "datumhash": null,
                    "inlineDatum": null,
                    "inlineDatumRaw": null,
                    "referenceScript": {
                        "script": {
                            "cborHex": "82051a00f0d01b",
                            "description": "",
                            "type": "SimpleScript"
                        },
                        "scriptLanguage": "SimpleScriptLanguage"
                    },
                    "value": {
                        "105a8f1bb56444cacc86378c95421aceeb326b0fb7743e493eb82fd5": {
                            "30": 2
                        },
                        "4d50a11e297e7783383bf06dd6e4e481230323bd96cd8b8d9ee3888d": {
                            "30": 204264740733911576
                        },
                        "lovelace": 6383310259651572715
                    }
                },
                "da73e3d657087abbcc9d232d01a59a2a2306803780a523eea4a079661a6dc41f#2": {
                    "address": "2RhQhCGqYPDoQUgaxfnyU8AYzm3YmKC3PFBVhHpoN8SibgPKXWvVdwmEqsAtNAYVWNXFPWFHQg63AHHxfvqcY5o9fyu9rzqEqrBKywa9Kay71W",
                    "datum": null,
                    "datumhash": null,
                    "inlineDatum": null,
                    "inlineDatumRaw": null,
                    "referenceScript": {
                        "script": {
                            "cborHex": "82051a0001d6a4",
                            "description": "",
                            "type": "SimpleScript"
                        },
                        "scriptLanguage": "SimpleScriptLanguage"
                    },
                    "value": {
                        "e651b9833c206e7ad3b471840a14437c95ab31963520300d37f39fcf": {
                            "09cf": 6898571371587341544
                        },
                        "lovelace": 6263131475355180842
                    }
                },
                "dc3393e339c7770f1501f05ca164441d194c5041d22fcb7717ffe7d29862c400#12": {
                    "address": "addr1qy3pp8gwkgp0nvew0wtzcyha6xtefelh6ta7mud68uwycldtcjzdg5jtjlyfj80lz582vu9t8dy6ejmmpptqmw42y2yq2jzmfv",
                    "datum": null,
                    "datumhash": "528b67642a2445113ce51644d365a6cc4808a1caa57cb14961a0fcfb9de21c94",
                    "inlineDatum": null,
                    "inlineDatumRaw": null,
                    "referenceScript": {
                        "script": {
                            "cborHex": "82051a000777e7",
                            "description": "",
                            "type": "SimpleScript"
                        },
                        "scriptLanguage": "SimpleScriptLanguage"
                    },
                    "value": {
                        "a979ec02fd26e545833f9708236efce75e9af140ba11f3c60197aea7": {
                            "37": 533120719449143107,
                            "9827c6b30b8eafd3ed2bc247532b2a": 2016412724328397365
                        }
                    }
                },
                "fc47c1f81e21dced015dd2eeac452b9c0273f6d672b057c77683af6172d14ac4#62": {
                    "address": "EqGAuA8vHnNkoBbaHoTXbRc2WfRPcfAp3uTHXHWsJBu5ox6stKMsyxTX74p8bEhRU84kbVhUY78sjQDX8qsmL6TQ7LENSVr1i4vTxfteKqemyntiZ7cvudD",
                    "datum": null,
                    "inlineDatum": {
                        "list": [
                            {
                                "map": [
                                    {
                                        "k": {
                                            "bytes": "36"
                                        },
                                        "v": {
                                            "constructor": 1,
                                            "fields": [
                                                {
                                                    "bytes": "44"
                                                },
                                                {
                                                    "int": -4
                                                },
                                                {
                                                    "int": -4
                                                },
                                                {
                                                    "bytes": ""
                                                }
                                            ]
                                        }
                                    }
                                ]
                            },
                            {
                                "constructor": 2,
                                "fields": [
                                    {
                                        "bytes": "4d4fe0ae"
                                    },
                                    {
                                        "bytes": "b1c201"
                                    },
                                    {
                                        "list": [
                                            {
                                                "bytes": "3aea03"
                                            },
                                            {
                                                "int": 1
                                            },
                                            {
                                                "bytes": ""
                                            },
                                            {
                                                "bytes": "0f"
                                            },
                                            {
                                                "int": -3
                                            }
                                        ]
                                    },
                                    {
                                        "bytes": "ead42016"
                                    },
                                    {
                                        "constructor": 1,
                                        "fields": [
                                            {
                                                "bytes": "a209f1"
                                            }
                                        ]
                                    }
                                ]
                            },
                            {
                                "bytes": "cd78"
                            },
                            {
                                "map": [
                                    {
                                        "k": {
                                            "constructor": 3,
                                            "fields": []
                                        },
                                        "v": {
                                            "map": []
                                        }
                                    },
                                    {
                                        "k": {
                                            "map": [
                                                {
                                                    "k": {
                                                        "int": 3
                                                    },
                                                    "v": {
                                                        "int": -5
                                                    }
                                                },
                                                {
                                                    "k": {
                                                        "int": 5
                                                    },
                                                    "v": {
                                                        "int": 3
                                                    }
                                                },
                                                {
                                                    "k": {
                                                        "int": -1
                                                    },
                                                    "v": {
                                                        "bytes": "42c5a4dd"
                                                    }
                                                }
                                            ]
                                        },
                                        "v": {
                                            "list": []
                                        }
                                    },
                                    {
                                        "k": {
                                            "map": [
                                                {
                                                    "k": {
                                                        "bytes": "79"
                                                    },
                                                    "v": {
                                                        "bytes": "e46babe7"
                                                    }
                                                },
                                                {
                                                    "k": {
                                                        "int": 4
                                                    },
                                                    "v": {
                                                        "bytes": "3c831a"
                                                    }
                                                }
                                            ]
                                        },
                                        "v": {
                                            "constructor": 0,
                                            "fields": [
                                                {
                                                    "int": 5
                                                },
                                                {
                                                    "int": 2
                                                },
                                                {
                                                    "int": -3
                                                }
                                            ]
                                        }
                                    }
                                ]
                            },
                            {
                                "bytes": "50418fb9"
                            }
                        ]
                    },
                    "inlineDatumRaw": "9fa14136d87a9f4144232340ffd87b9f444d4fe0ae43b1c2019f433aea030140410f22ff44ead42016d87a9f43a209f1ffff42cd78a3d87c80a0a303240503204442c5a4dd80a2417944e46babe704433c831ad8799f050222ff4450418fb9ff",
                    "inlineDatumhash": "df05e251add8e48076155a3084f8da7fe98b0b95535310feb69359a773a72ba5",
                    "referenceScript": {
                        "script": {
                            "cborHex": "82041a007d3408",
                            "description": "",
                            "type": "SimpleScript"
                        },
                        "scriptLanguage": "SimpleScriptLanguage"
                    },
                    "value": {
                        "8f461954fe2f18fee1dca233f358907e643ff839ed1f995e4bf325e3": {
                            "31": 5278045185106162019,
                            "64ad8401d46032345db05ae1c3e1d9eeb1c99a8f5837be9afbe84e48": 1
                        },
                        "lovelace": 2
                    }
                }
            }
        }
    ],
    "seed": 1382733347
}