{
    "samples": [
        {
            "decommitTxId": "09ec5b7e8f1933bdd95b43d29dab24a7edfc13d58d9b9608d8ff49e4bf6bb8e4",
            "headId": "d71613691c68c6f414f525c63cf62530",
            "tag": "DecommitApproved",
            "utxoToDecommit": {
                "3e5f06383d1f481e2e3ff38a41bac6b40e333c9fb103eee064641126fc23753c#65": {
                    "address": "EqGAuA8vHnNqd9ZVtPVBFbWSWqf6FEkcjatMhckFTNyWAiHn2ZJfU9uEjh9moLRsFw9As8zoY8JXBPBKGkHL5W6iuu6XyY69oGFv2sjjsM8EPunNECVWeHq",
                    "datum": null,
                    "inlineDatum": {
                        "constructor": 5,
                        "fields": [
                            {
                                "list": [
                                    {
                                        "list": [
                                            {
                                                "bytes": "e9b819"
                                            },
                                            {
                                                "int": -5
                                            }
                                        ]
                                    },
                                    {
                                        "bytes": "3c"
                                    },
                                    {
                                        "constructor": 4,
                                        "fields": [
                                            {
                                                "int": 3
                                            },
                                            {
                                                "bytes": "e9be9be8"
                                            },
                                            {
                                                "bytes": "fdac"
                                            },
                                            {
                                                "bytes": "18a0"
                                            },
                                            {
                                                "int": -3
                                            }
                                        ]
                                    },
                                    {
                                        "int": -1
                                    },
                                    {
                                        "bytes": "1198"
                                    }
                                ]
                            },
                            {
                                "bytes": ""
                            }
                        ]
                    },
                    "inlineDatumhash": "3ffc1a1d8c2cb1e708ae2d99b22fbe3bf662405f8ee189d49f84ff2d717194f7",
                    "referenceScript": {
                        "script": {
                            "cborHex": "82051a0075603c",
                            "description": "",
                            "type": "SimpleScript"
                        },
                        "scriptLanguage": "SimpleScriptLanguage"
                    },
                    "value": {
                        "4d50a11e297e7783383bf06dd6e4e481230323bd96cd8b8d9ee3888d": {
                            "3af2dc9dfd2c6469445612bfc929f6c4be5182289103192de1530528": 8835037302478405687,
                            "7d8d60447a5e05ef0c0107d9148b777a0d7b333d1649c3": 3207751938967172040
                        },
                        "da8e8f0248fd2ed0b3046b66c1f0a6463917c6b5bbbfb4410a5b8670": {
                            "2bf6e7df6998b5c378555ff2db": 1
                        },
                        "lovelace": 7919318592257339668
                    }
                },
                "6483040c4bea2c8a572e418c590d33aa13005b99a727cb88a2eb6cb7ed5a0c2c#0": {
                    "address": "addr1z86lseds9jkg93kkfh93x0tufd389wl4eagce3yhhsw8vfq57ua3zk2x5ky5a7nvfqrgxdgav7lv8uz45zz2y7ujjuqqy9ec06",
                    "datum": null,
                    "datumhash": null,
                    "inlineDatum": null,
                    "referenceScript": {
                        "script": {
                            "cborHex": "82041a00b391a9",
                            "description": "",
                            "type": "SimpleScript"
                        },
                        "scriptLanguage": "SimpleScriptLanguage"
                    },
                    "value": {
                        "49a36a7fceb0ee6c9029f94c196e69311bcd2e70eb09fb926ec2c190": {
                            "33": 1
                        },
                        "lovelace": 2
                    }
                },
                "b1844a9e250bfc700a6870df270513f6111f4eb166cfd701b25f061e64b8d490#7": {
                    "address": "addr1yxyd77vwuxy9hu7r5u3kgmrra8vrjlx8mcgh3zjtdk478nlyx2jkv6px5k0fvpxezkp4e4v244pjq7sffm25hd9uz2dqy7d02r",
                    "datum": null,
                    "datumhash": "e10eae044278673183147ed6a1a881952dae270a0aa0ebf700220defab9b6dae",
                    "inlineDatum": null,
                    "referenceScript": {
                        "script": {
                            "cborHex": "82028482028483030080830300808202808201848200581ce30b7dffd342329a9a1b7cb575af72f5f16546e156fbd80f5453dd008200581c9ca1fa6aba94974b2ea407a9877718d85076cc9bad98443affb3932a8200581ce88db80b95bb174794fc987f9dcd9b0ddc6a422a513b87c292f6a0698200581c8aceb321da03f46061e8d0636546d27be3687c6e01f458e5becc2b8b8200581ce363adf20c7d787196751fb7ce9da8151f2d7b0ba7376bc3b0349a3f830301838201808202838200581cbdae1819c7f8d2c714354164753fd4ec0ba28961bf273dadc309f9228200581c4108be2ad9d841e1a07265f77206893428018f52c8c9ebdd8e6a7c3c8200581c749ef807dee85a4d5b0170d2e20b6186aba2ae78febec18906046c3b8303008083030282830304848200581ca2e37004f1a1d7702867aba0a6db3d1efbfa092c24766d8c514c8be88200581c14e9dfbe51fd733594cd9e31105c4f2abba9fcdcdb42cbbee966915d8200581c2b524ac58ff5de89f0fa600487c86fcf57abc5601930442091a9d64b8200581c08ab7f2cfcc240b6ee0fd8e2a35a9d114c21d386f9014482270ad3d78200581c1358e1375f2107d95b4d167c019d828e4fbb35424948a5c165f5f252",
                            "description": "",
                            "type": "SimpleScript"
                        },
                        "scriptLanguage": "SimpleScriptLanguage"
                    },
                    "value": {
                        "467f58932b54910584a0e8ea25a225e06a14530b2e96e938c53a3f22": {
                            "b2850f23b8b70f15c85cffacc00a5b6c11b9e5976cc2b94d7b": 1
                        },
                        "8f461954fe2f18fee1dca233f358907e643ff839ed1f995e4bf325e3": {
                            "dd": 3
                        },
                        "lovelace": 2423091809306481826
                    }
                },
                "d27f95f3139660dfa42f6fc4b64547a6c3fb9a38e3400502fd2f5e5a813b7be1#39": {
                    "address": "addr_test1xqq77pfcvngvarc0qskj9tqfqzee2m3a5j2qpgn4csfsssggj459jcfnr9qvvytjl257ulxngdff43jnhh7vdvdaeutsf32ccn",
                    "datum": null,
                    "datumhash": "84fe33a1d6d544a399e6be79538ea95fa1a1ee09eef7a2e2b3cc52fc1022c388",
                    "inlineDatum": null,
                    "referenceScript": null,
                    "value": {
                        "245d5a7a06fe18358242e81281cd5ba9e6abe4efc54e7b659f25abae": {
                            "567a9702bb9ca3472e04762d6c19a46ea03d9607b3c6": 9039780218098544967,
                            "6e3a6c3c9e966f14f6fdd340de": 3162588916425676455
                        },
                        "993d89826150471ff66d1809e12342b1f6e92dbfbac2d53146f9f083": {
                            "e4dac09d512a840b6d": 8412923747867249114,
                            "f8ea33d4d1ea08d83356cb8ca79f": 2398583391581677221
                        },
                        "lovelace": 2
                    }
                }
            }
        }
    ],
    "seed": 1124685565
}