{
    "samples": [
        {
            "contestationDeadline": "1864-04-27T16:19:41.361142456684Z",
            "headId": "8b5a247b52e4a7efd4cc3061ef463933",
            "snapshotNumber": 21,
            "tag": "HeadIsClosed"
        }
    ],
    "seed": 1954012383
}