{
    "samples": [
        {
            "input": ":IUW",
            "reason": "\\ê«©M\u0018",
            "tag": "InvalidInput"
        }
    ],
    "seed": -205662730
}