{
    "samples": [
        {
            "tag": "NetworkDisconnected"
        }
    ],
    "seed": -1678395060
}