{
    "samples": [
        {
            "tag": "NetworkConnected"
        }
    ],
    "seed": -2100000504
}