{
    "samples": [
        {
            "ourVersion": 1,
            "tag": "NetworkVersionMismatch",
            "theirVersion": 0
        }
    ],
    "seed": -1470259987
}