{
    "samples": [
        {
            "peer": "pcbguendx",
            "tag": "PeerDisconnected"
        }
    ],
    "seed": 765311784
}