{
    "samples": [
        {
            "headId": "ca267f2dc75a03c3b634603742b7391d",
            "tag": "ReadyToFanout"
        }
    ],
    "seed": -542194866
}