{
    "samples": [
        {
            "headId": "f7736e4e33ced68c72d57e39e05c5d9a",
            "tag": "TxValid",
            "transactionId": "b012bca9e4a77b057411c99297901382dfe11d0fdb0f115e2b543826224b6268"
        }
    ],
    "seed": 135640436
}
