{
    "samples": [
        {
            "headId": "262d475f4eca724613ec4bd311237f48",
            "tag": "CommitApproved",
            "utxoToCommit": {
                "06cc0ef3868364104c92606ff3fd1c8c9363defe3b8e2d9c1043bf21da36292d#57": {
                    "address": "addr_test1wzjp2spxxjr0ajhtm39qjrre8ed7038m9mjkp7x9urjm45s0jzuds",
                    "datum": null,
                    "inlineDatum": {
                        "map": [
                            {
                                "k": {
                                    "list": [
                                        {
                                            "constructor": 0,
                                            "fields": []
                                        },
                                        {
                                            "bytes": "c1245a64"
                                        },
                                        {
                                            "constructor": 1,
                                            "fields": [
                                                {
                                                    "int": 3
                                                }
                                            ]
                                        },
                                        {
                                            "constructor": 5,
                                            "fields": [
                                                {
                                                    "int": 0
                                                }
                                            ]
                                        }
                                    ]
                                },
                                "v": {
                                    "map": [
                                        {
                                            "k": {
                                                "constructor": 1,
                                                "fields": [
                                                    {
                                                        "bytes": "0e2dbb"
                                                    },
                                                    {
                                                        "int": -2
                                                    },
                                                    {
                                                        "int": -2
                                                    },
                                                    {
                                                        "bytes": "019084"
                                                    }
                                                ]
                                            },
                                            "v": {
                                                "constructor": 1,
                                                "fields": [
                                                    {
                                                        "bytes": "5a85"
                                                    },
                                                    {
                                                        "bytes": "eba7"
                                                    },
                                                    {
                                                        "int": 4
                                                    },
                                                    {
                                                        "bytes": "7bc07040"
                                                    },
                                                    {
                                                        "int": -3
                                                    }
                                                ]
                                            }
                                        },
                                        {
                                            "k": {
                                                "bytes": "062cdb"
                                            },
                                            "v": {
                                                "constructor": 0,
                                                "fields": []
                                            }
                                        }
                                    ]
                                }
                            },
                            {
                                "k": {
                                    "constructor": 4,
                                    "fields": [
                                        {
                                            "bytes": ""
                                        }
                                    ]
                                },
                                "v": {
                                    "int": -1
                                }
                            }
                        ]
                    },
                    "inlineDatumRaw": "a29fd8798044c1245a64d87a9f03ffd87e9f00ffffa2d87a9f430e2dbb212143019084ffd87a9f425a8542eba704447bc0704022ff43062cdbd87980d87d9f40ff20",
                    "inlineDatumhash": "04f022f6961352442e9b6c87e4edf8eef30c8846ddae62573a791498d74cb03b",
                    "referenceScript": {
                        "script": {
                            "cborHex": "8200581c5859828f4aa9791c102230ea814cd6f3ec8c458801dcecd5b39746ab",
                            "description": "",
                            "type": "SimpleScript"
                        },
                        "scriptLanguage": "SimpleScriptLanguage"
                    },
                    "value": {
                        "4a1c412d8e2b3015a7fb7d382808fb7cb721bf93a56e8bb6661cdebe": {
                            "34": 1166894692207844943
                        },
                        "lovelace": 57433043990901413
                    }
                },
                "077711ccb7880dcc7604ffa0307bcfca6a3940c95be351714ae27c3b2480744b#49": {
                    "address": "2RhQhCGqYPDnQTfNa97hiryTEADFHv8kXNKHws722BYtc4THS7AF4SSK5jjZcy2HqqpGpmKw8ayQCWHwACshCwin617v5geDbKvtWnRXbwtAZ2",
                    "datum": null,
                    "datumhash": null,
                    "inlineDatum": null,
                    "inlineDatumRaw": null,
                    "referenceScript": {
                        "script": {
                            "cborHex": "8202828202818200581c14f6107ba6c6f5036c82ba2add959f72d89f1d2fc356d2f69c172527820284830301828200581c34ed0e225178fe5dbcd84f787a3bb982447f9836d3730ea78258cc178200581c7e0296ee819c65e6810518ee3c7b1f067271ad016a919b8b84f6c11e8200581c4ec93a9397f956aa280462b90ac3bae8d6339479e972aeb4134507988200581cff01211aee2b54f7d39f71dbc05b573eec003eac1ed69bd2e414651a820180",
                            "description": "",
                            "type": "SimpleScript"
                        },
                        "scriptLanguage": "SimpleScriptLanguage"
                    },
                    "value": {
                        "2d725128406dc832eb74c4709aca0512499b3c7b17e00d7cb2e6d1b1": {
                            "c73a46bb2a3052": 551453254347496491
                        },
                        "66bc05f94ff3fcc62979cd4285d780c676e6104459c6bf4cf3f42afb": {
                            "2081aad4c48057611acd": 2
                        },
                        "lovelace": 2
                    }
                },
                "07c282be905551db67ab95d9cc0fe8405fccb9dc4367db56260f52e24afef7ff#73": {
                    "address": "2RhQhCGqYPDoirkR8mwF686KWiPaDpmieq1P6kaeC7fGPHVMu337iHbZsUcowWN5oXNoQnaSABbUvDvGZs2ogvicEitqfoHqDAD6VLZkcbrhYM",
                    "datum": null,
                    "datumhash": "ca4a302f2c7bd73dd956fceb5731b7f2a5f4c0159bb994ad80f25b8d08956bff",
                    "inlineDatum": null,
                    "inlineDatumRaw": null,
                    "referenceScript": {
                        "script": {
                            "cborHex": "8202838202848200581c767dacc228be871721b94b4ce7534df2753e5d77212cd9480e861f1a830300818200581c8c5dc40a5fa4df0a7be58f3ff0fef2b0e20884205392513f58f6f3428201848200581c2df125d8fc4c01b27962dcf786aa39c932cb40426b08380f52e4eff28200581c32bc0dbc8e2544db5a8a9dda357d953f22d86d6a04f31133e0d309f48200581cadae706f782a54b6c7e301db193c12d35c7de51921354e09e79212fa8200581c0dc0c52b66e740d7617d1a38cdf21020daa8cd6c37e37b4a6626f6088200581c259fa9f92892da92657d1d499555fa102a2f2a23ec3d89feec136e88830301848202808201818200581cd6c9773ed0752a34747b9848b151d566cfcea5c29c180040130d1658830303838200581c66d83c3cef7eafd075a6621f65e3a12c9fe6543a92c4573d434ee6138200581c06bcb1096a5d65959d06ad5f58c0416588076bc8b8481d2aa97a49cf8200581cdf40038523a650426e17217ed1e060fae50adc23673d48758d7e06fd8202838200581cab417b0a8a365a51b7534ec47f106f1dcebb500485675a6f067ba8d48200581c61f4d41cc1922b39cf2e303658ae0a1bb14d81fd91b6012c6e8158588200581ce7106f3741752abf30401c6ab2a0ba9f4e392cd8b4c543103b4ae05c83030181830302828200581cc09a2015ac75545173b74e0d2613b0565af00a00634d8b969c0c828c8200581cb32e65e629281649bd3d749a9ba5dc89ab15165e54cd8118d7f07883",
                            "description": "",
                            "type": "SimpleScript"
                        },
                        "scriptLanguage": "SimpleScriptLanguage"
                    },
                    "value": {
                        "105a8f1bb56444cacc86378c95421aceeb326b0fb7743e493eb82fd5": {
                            "a5a780a1568755a7074d": 2
                        },
                        "b0c53e2bf180858da4b64eb5598c5615bba7d723d2b604a83b7f9165": {
                            "36": 2,
                            "ef752aa97a7843a575ffacd2356c0550991e8ee2707741cf1543fe15d9": 1
                        },
                        "lovelace": 1215013958912226203
                    }
                },
                "08477847f80b7bd46a60059812ee7c3bef0f605aa129ff07716fdaa1a562c73f#11": {
                    "address": "EqGAuA8vHnPAYyeR2bbFMx1GPQGUqaY8Y1EH4nnAfoRUYZjTqvFEqXqt9BGzpznF87VM1U6A5SEueEDEU4ndcYwiwgSRnUbyqUSpJD75aGpLFMENrPfuHoW",
                    "datum": null,
                    "datumhash": null,
                    "inlineDatum": null,
                    "inlineDatumRaw": null,
                    "referenceScript": {
                        "script": {
                            "cborHex": "82041a00d2be8b",
                            "description": "",
                            "type": "SimpleScript"
                        },
                        "scriptLanguage": "SimpleScriptLanguage"
                    },
                    "value": {
                        "b0c53e2bf180858da4b64eb5598c5615bba7d723d2b604a83b7f9165": {
                            "1e70fd310c015338": 1995032224735000179
                        },
                        "lovelace": 2
                    }
                },
                "332f1d7590a60b8797c90ec1b1dfe96d6dbe398435ce91e71af5353bd7bef595#93": {
                    "address": "2cWKMJemoBajpZ9LvGCzusFCXE2SXaSzWeEHPeVmRKEJ1er4zZK6enuhz4N2tNPtv1ZKu",
                    "datum": null,
                    "inlineDatum": {
                        "list": [
                            {
                                "constructor": 3,
                                "fields": [
                                    {
                                        "bytes": "f9"
                                    },
                                    {
                                        "int": 3
                                    },
                                    {
                                        "int": 0
                                    },
                                    {
                                        "constructor": 2,
                                        "fields": [
                                            {
                                                "int": 3
                                            },
                                            {
                                                "bytes": "1022"
                                            },
                                            {
                                                "bytes": "4b"
                                            },
                                            {
                                                "int": 5
                                            }
                                        ]
                                    },
                                    {
                                        "list": [
                                            {
                                                "int": 1
                                            },
                                            {
                                                "bytes": "cd"
                                            },
                                            {
                                                "bytes": "5e56"
                                            }
                                        ]
                                    }
                                ]
                            },
                            {
                                "map": [
                                    {
                                        "k": {
                                            "int": 3
                                        },
                                        "v": {
                                            "int": 5
                                        }
                                    },
                                    {
                                        "k": {
                                            "int": 0
                                        },
                                        "v": {
                                            "map": [
                                                {
                                                    "k": {
                                                        "bytes": "40"
                                                    },
                                                    "v": {
                                                        "int": 5
                                                    }
                                                }
                                            ]
                                        }
                                    },
                                    {
                                        "k": {
                                            "constructor": 2,
                                            "fields": [
                                                {
                                                    "bytes": "a20d2200"
                                                },
                                                {
                                                    "int": -2
                                                }
                                            ]
                                        },
                                        "v": {
                                            "constructor": 4,
                                            "fields": [
                                                {
                                                    "int": 4
                                                },
                                                {
                                                    "bytes": "e3d91c1b"
                                                },
                                                {
                                                    "bytes": "cb5d"
                                                },
                                                {
                                                    "int": 3
                                                }
                                            ]
                                        }
                                    },
                                    {
                                        "k": {
                                            "bytes": ""
                                        },
                                        "v": {
                                            "constructor": 4,
                                            "fields": []
                                        }
                                    }
                                ]
                            },
                            {
                                "map": [
                                    {
                                        "k": {
                                            "bytes": "9634"
                                        },
                                        "v": {
                                            "list": [
                                                {
                                                    "int": 1
                                                },
                                                {
                                                    "int": -1
                                                },
                                                {
                                                    "bytes": "3ee907e0"
                                                },
                                                {
                                                    "bytes": "351ea18e"
                                                }
                                            ]
                                        }
                                    },
                                    {
                                        "k": {
                                            "bytes": "83587f"
                                        },
                                        "v": {
                                            "int": -3
                                        }
                                    }
                                ]
                            },
                            {
                                "constructor": 2,
                                "fields": [
                                    {
                                        "list": [
                                            {
                                                "int": 4
                                            },
                                            {
                                                "bytes": "cd"
                                            },
                                            {
                                                "int": 0
                                            },
                                            {
                                                "bytes": "96"
                                            },
                                            {
                                                "bytes": "9236339e"
                                            }
                                        ]
                                    },
                                    {
                                        "int": -2
                                    }
                                ]
                            }
                        ]
                    },
                    "inlineDatumRaw": "9fd87c9f41f90300d87b9f03421022414b05ff9f0141cd425e56ffffa4030500a1414005d87b9f44a20d220021ffd87d9f0444e3d91c1b42cb5d03ff40d87d80a24296349f0120443ee907e044351ea18eff4383587f22d87b9f9f0441cd004196449236339eff21ffff",
                    "inlineDatumhash": "a5f4e37ad5d3f030221ee33dbe16e666a8495f2cfcae55155f1fca8c23bb1b38",
                    "referenceScript": null,
                    "value": {
                        "2e12c5e499e0521b13837391beed1248a2e36117370662ee75918b56": {
                            "9e06a4d086d43ee2": 1453841346556739139
                        },
                        "lovelace": 2077644741331312105
                    }
                },
                "3330dd6679dde113b39d142db524922d7ed1f928b8a6167ad6dae23cc50b23dc#95": {
                    "address": "addr1x9cekyp6z2g79vv3py9e89d5c8eg744a20vrps3p34xgkjyf45269antv2cyrf6k8yxnse53xn77yggt66lskg4rnmtqz9s4t9",
                    "datum": null,
                    "datumhash": "21a5588b2c73fbc28bb143ea0760f02be01508822b47ec3fbd74e85fbe7357c5",
                    "inlineDatum": null,
                    "inlineDatumRaw": null,
                    "referenceScript": {
                        "script": {
                            "cborHex": "4746010000220011",
                            "description": "",
                            "type": "PlutusScriptV3"
                        },
                        "scriptLanguage": "PlutusScriptLanguage PlutusScriptV3"
                    },
                    "value": {
                        "2db8410d969b6ad6b6969703c77ebf6c44061aa51c5d6ceba46557e2": {
                            "6b1c": 1
                        },
                        "dc018c305cc03d651a3538a754ef2dbf86fdda61491fa28fe6ba0c02": {
                            "82054ab6e8": 2854289177832498393
                        },
                        "lovelace": 2
                    }
                },
                "6d83c00d0e8c940161d7a3d0bad0b2c55f93d97fe472e2f66ccda9dfdba370aa#72": {
                    "address": "2RhQhCGqYPDpiW7ABv8mpae8kv5gGS5wpnVJRZcHJsEFe23NU8Ra9M6D1xkPtVwhFyAkuph1yb9oA53CyUdwzNrgAwgu7kWkQBfwF2WD4wDvGm",
                    "datum": null,
                    "datumhash": "05febb17ea7f354f94d565c9da57850a5d095ec8705a93416a41442229be3ae1",
                    "inlineDatum": null,
                    "inlineDatumRaw": null,
                    "referenceScript": {
                        "script": {
                            "cborHex": "820282820280830302828201838200581ce7ae6ef5f5bc484b1eb6331809ae0cf78a070a3a06ddd938b368d7888200581c1e1a97932fcaef5fcb662963fd412ecd9870d60f247e668f008df0d28200581cb9d9335c35a235fd95e7a32f3ceba988251a0bf3cefa05074bb85fa58200581c689f4973465132c73912e6c3ae739f1d352bc741c853830f1b9958ec",
                            "description": "",
                            "type": "SimpleScript"
                        },
                        "scriptLanguage": "SimpleScriptLanguage"
                    },
                    "value": {
                        "68a3bc56b28e77a5eeff96e45d2e023b45ead65cddd1b703d4cc5f11": {
                            "69a009641390202b668a8c49eb5bc8a48cb594b398dee957cb08de98de37a314": 2,
                            "8f78d02452c10e96f9d9cff07470bd1851d156bd8e": 4483732905233997588
                        },
                        "lovelace": 5349475898387811492
                    }
                },
                "7c2e59a19fd0cb5b77907410ef8bf175323e947a050cd1fbf6c60ded2e0a6f09#28": {
                    "address": "addr1y8tz6faypz6ygug7mxe4t0w7sq6phsyxrml0hkrma9uu8l895esag4xlcsjl90w26sejaudndk7taqxy0lzm2axzl7yqju3krf",
                    "datum": null,
                    "datumhash": "d7bc0147d6de22948bfa3d3a9412209e8fe6230ddba9b9a4747fe9a06e609f47",
                    "inlineDatum": null,
                    "inlineDatumRaw": null,
                    "referenceScript": null,
                    "value": {
                        "2e12c5e499e0521b13837391beed1248a2e36117370662ee75918b56": {
                            "b9fb95d0995c399b6be4601d756cfeddfb18cafb4100ae65": 1126107613107344431
                        },
                        "467f58932b54910584a0e8ea25a225e06a14530b2e96e938c53a3f22": {
                            "8e1911": 1
                        },
                        "lovelace": 850862108588179051
                    }
                },
                "7c42e4ab1c3649722c17c9989b1cbe232ba36cd4bd81bab5592ea3deb56b58e9#32": {
                    "address": "addr1q8cm7fwsnxa4tzlcw0jzcxaqmnvs8s8exfyr2fpldjen0tnkrm2wz3nzjdnjspwc7wlr3ce3vyd2zgh7xwv0l3uc6avqrmpmpz",
                    "datum": null,
                    "datumhash": "5739c4f880fb7f2009d04cfbebb7ff67103e02f98e892fbc1ac9d913194e82d3",
                    "inlineDatum": null,
                    "inlineDatumRaw": null,
                    "referenceScript": {
                        "script": {
                            "cborHex": "83030181820282820280830301828200581c02f7b5e5ae89c619b3cac71eba42cf392809d793f86a9d388d9ca4cc8200581c4696f7758ca178e6149f35d013f4d59e93ebba646d5e9c3e8fe5af59",
                            "description": "",
                            "type": "SimpleScript"
                        },
                        "scriptLanguage": "SimpleScriptLanguage"
                    },
                    "value": {
                        "99ed222bd287c8f8be6de4be0b21921d899f94cd024a6320193ce6f1": {
                            "976a751ca996b01e": 6558826434413021700
                        },
                        "a0947f2cdcb3e3fea0c47a4bf1287e0e714c23f89124a59ba495418d": {
                            "34": 7189952231934533898
                        },
                        "lovelace": 4663413989686321155
                    }
                },
                "da42599e782670ef18756657d0b4a1db43512b115e6e233caafe787090af4318#66": {
                    "address": "2RhQhCGqYPDmnAbyBZNcDYhqB2nGP1NZuV5LeXWxX5jsBNnX3YqZc9FjN3HXfTHBeJVEazu8yy3MVt22vfwTFHcuiRMcY9wFhYJnaxMXJrPPcA",
                    "datum": null,
                    "datumhash": null,
                    "inlineDatum": null,
                    "inlineDatumRaw": null,
                    "referenceScript": {
                        "script": {
                            "cborHex": "8200581c92ce5eb0c9181fa1bcd99b876af113b23cb96cb487243a3a65a2460d",
                            "description": "",
                            "type": "SimpleScript"
                        },
                        "scriptLanguage": "SimpleScriptLanguage"
                    },
                    "value": {
                        "6941b11bdbc25932e7b3b765a223643e357ff64f0a9d532535ad30ae": {
                            "0089a396976373177ed63bbc2cbc4c820af7d0c9b2da9c78ddef6d1b": 1,
                            "bd": 2463176349777477634
                        },
                        "lovelace": 2
                    }
                },
                "e7589cd8e6d1725f6c135c176c5636c09d3afb6c6af5583b352676ed9df41103#11": {
                    "address": "addr_test1xq5dxrrm50h3jpyf7h8ghqw8qpmtj6ht6a0ppl3k5tl5p3a9l0fcefu2tn6x93g5cdann9q0w6gf82rq5nkasnhvt9tsh8wsu2",
                    "datum": null,
                    "datumhash": "93f025c9f6abdccbf22c231e0b008cffb14bdb565199b9f49ddd1716d3a804ee",
                    "inlineDatum": null,
                    "inlineDatumRaw": null,
                    "referenceScript": {
                        "script": {
                            "cborHex": "82051a00acfc49",
                            "description": "",
                            "type": "SimpleScript"
                        },
                        "scriptLanguage": "SimpleScriptLanguage"
                    },
                    "value": {
                        "87313fb2cfd6f1859eeef213f076d4a565076a66cfea153d87b4b7e0": {
                            "35": 6426506090326354741
                        },
                        "ee33771a427d494a8bb7d7d5f1abac8b18d7547910776f88bb4280d3": {
                            "3bf8695f3337ce9cd6c05024a7a36534e065": 888247648872070384
                        },
                        "lovelace": 1110026036699447689
                    }
                },
                "f492701181e492e1917c964435304a42e2cd6a85b5444f741a42311fd858ec02#97": {
                    "address": "addr1qyvjgvnhp6qewdgkxqt2y42d83my4z8djs5wfraqhex06mf0frj6t4hquzw0yw4tf4j5l9c7x39prx97jes33gpw3alqaq4365",
                    "datum": null,
                    "datumhash": "9748375e66b832bd9aad0a1ae115a54957a1e64e3698eb7eaf6039c5711a1d26",
                    "inlineDatum": null,
                    "inlineDatumRaw": null,
                    "referenceScript": {
                        "script": {
                            "cborHex": "82051a00465b8f",
                            "description": "",
                            "type": "SimpleScript"
                        },
                        "scriptLanguage": "SimpleScriptLanguage"
                    },
                    "value": {
                        "24cbeacf47144daf17ff38f8b9fb5f1232c96bcc7e44d6c6c4fa8bbb": {
                            "117b63ce39dcce959282f48b3fd83c5193f4c7157efd58bea88c1ea2": 1,
                            "35": 1835650234625046374
                        },
                        "lovelace": 1
                    }
                }
            }
        }
    ],
    "seed": -2081837019
}