{
    "samples": [
        {
            "depositUTxO": [
                {}
            ],
            "headId": "00010001000100010000010100000000",
            "snapshotUTxO": null,
            "tag": "CommitIgnored"
        }
    ],
    "seed": 15140077
}