{
    "samples": [
        {
            "decommitTxId": "c99156e06c8680aa85746826aeacbc592587063ac10be236cafce2e62a5d9a55",
            "headId": "202272c4492f498d6c9bd862fb102e23",
            "tag": "DecommitApproved",
            "utxoToDecommit": {
                "062371608a9b832f2e56deda569ad8dc677a6978cc0556a09abef16700fbb6fc#41": {
                    "address": "addr_test1qqkf3wv3hsv47cq9agu6ezkw09waxrufwz4a4f7ff5sjhqam3exlnuh9x9pl9tmyfgr2j3hkd85xgmx0atguuh7tr08ssg3g43",
                    "datum": null,
                    "datumhash": "88a23896506cd2344e43cf3408b12cc2990d1bca62a505c32935d58a35b89939",
                    "inlineDatum": null,
                    "inlineDatumRaw": null,
                    "referenceScript": {
                        "script": {
                            "cborHex": "484701000022200101",
                            "description": "",
                            "type": "PlutusScriptV3"
                        },
                        "scriptLanguage": "PlutusScriptLanguage PlutusScriptV3"
                    },
                    "value": {
                        "bab3906552c985bd5257cd5e66b8851813b006e0a687ca87927ff93c": {
                            "35": 5375949456359752418
                        },
                        "lovelace": 2
                    }
                },
                "062c42c0fe17fa83d11c9143f81d4f75e0e8128feb34081348a14dd51e2f4767#4": {
                    "address": "2cWKMJemoBaj2xj4wuZWBTaTrQJ14yGCmkYTyHKP7XPGEKZtG5zz2bZaPfmWxSnzyJXAc",
                    "datum": null,
                    "inlineDatum": {
                        "bytes": ""
                    },
                    "inlineDatumRaw": "40",
                    "inlineDatumhash": "39df024ac52722fe8ae4c1a8740e4c5624a38c3820e504a059aae8728421f8bd",
                    "referenceScript": {
                        "script": {
                            "cborHex": "484701000022200101",
                            "description": "",
                            "type": "PlutusScriptV1"
                        },
                        "scriptLanguage": "PlutusScriptLanguage PlutusScriptV1"
                    },
                    "value": {
                        "2154c66910435ed35e7004744e5cad9d7651ec67fbaeba81f4245f2c": {
                            "38": 7309324212014480709,
                            "99de5facd028cff6efa62f48a8e5c113bfbcc96297d2ba": 1779898845732301439
                        },
                        "b0c53e2bf180858da4b64eb5598c5615bba7d723d2b604a83b7f9165": {
                            "d09f3f39e5d721d2d188d9": 3675100585579426269
                        },
                        "lovelace": 3004410299004023104
                    }
                },
                "4c14845851a74c932ce08b5ae3e518ef8ebab189950aad29a85ad94bfb4c6576#99": {
                    "address": "addr_test1qr5k4lww6u5umxzr7zrmq34zjna737dgjss3nzqsvmyxkl20ttpeqrqapsrt6warmk4cddhju5mkvfj4t9gqs37gnl7s6hc0gy",
                    "datum": null,
                    "inlineDatum": {
                        "list": [
                            {
                                "constructor": 5,
                                "fields": [
                                    {
                                        "constructor": 0,
                                        "fields": [
                                            {
                                                "bytes": ""
                                            },
                                            {
                                                "int": -5
                                            },
                                            {
                                                "bytes": ""
                                            },
                                            {
                                                "int": 5
                                            },
                                            {
                                                "int": 5
                                            }
                                        ]
                                    },
                                    {
                                        "bytes": "0b01d9da"
                                    },
                                    {
                                        "int": 3
                                    }
                                ]
                            },
                            {
                                "bytes": ""
                            }
                        ]
                    },
                    "inlineDatumRaw": "9fd87e9fd8799f4024400505ff440b01d9da03ff40ff",
                    "inlineDatumhash": "b7b468dc0dc89450cd99c2008228da71e37e774e750b9aa4d376edea213476ff",
                    "referenceScript": {
                        "script": {
                            "cborHex": "82041a003ff42c",
                            "description": "",
                            "type": "SimpleScript"
                        },
                        "scriptLanguage": "SimpleScriptLanguage"
                    },
                    "value": {
                        "245d5a7a06fe18358242e81281cd5ba9e6abe4efc54e7b659f25abae": {
                            "30": 8708525641378036177
                        },
                        "3f65253feb7fbe4756602bea53c024bb918f3f2b10fd05c1a5ed1f27": {
                            "c5c047abb6b34df51fcae1327c39669b22": 1
                        },
                        "lovelace": 1
                    }
                },
                "732c8db90eeed9ba2653b6c5a3db6b08317174bb62edab31c9155dd242821fde#93": {
                    "address": "EqGAuA8vHnNksdTf4D26x16BayEvQExtpVYwVNr4ibGi6jLc2PrLDXcWsZDuYV2raMsxREdRizGMuP6gAomDxiXdy5mAqwx9Y67cKY3o4nzEabEo8uhCTPf",
                    "datum": null,
                    "datumhash": null,
                    "inlineDatum": null,
                    "inlineDatumRaw": null,
                    "referenceScript": {
                        "script": {
                            "cborHex": "8200581c79da79f4740cd7d6549a13a8655b7734a1505c04b5bc034e2b02821a",
                            "description": "",
                            "type": "SimpleScript"
                        },
                        "scriptLanguage": "SimpleScriptLanguage"
                    },
                    "value": {
                        "2d725128406dc832eb74c4709aca0512499b3c7b17e00d7cb2e6d1b1": {
                            "3e3f40ebcb314b5d26829ee53163874c85350ed01882733d97ba": 2
                        },
                        "4d50a11e297e7783383bf06dd6e4e481230323bd96cd8b8d9ee3888d": {
                            "62a2f1f648aad1acf8fc65e7102ebc873d28af13b50fd83a91ac82111b": 8665896990868053237
                        },
                        "lovelace": 2
                    }
                },
                "99ea4bbf5f9315e075b7ce47d1b0e2ef7aea990916a20684299ac5a16e0a57cf#20": {
                    "address": "addr1x96hrlmnqm0cfezpu9lz8xmw49v57vpy94d0u9f0v0gec5r4gn4tsn9mw97xdw6lgppkp67w43u79zfnfutm47w9p69qrm53mx",
                    "datum": null,
                    "inlineDatum": {
                        "map": []
                    },
                    "inlineDatumRaw": "a0",
                    "inlineDatumhash": "d36a2619a672494604e11bb447cbcf5231e9f2ba25c2169177edc941bd50ad6c",
                    "referenceScript": null,
                    "value": {
                        "869765b6f5ed716f7f55d2b67808baf52441777bef703af65913ba2d": {
                            "cb7f5670568da00ae0d55a36": 1180548523501697559
                        },
                        "lovelace": 28449141416003
                    }
                },
                "cc3f8c642ee7f850919f6ae5445d39b79ce6f79cc5c214c47c8a67e797b9c803#41": {
                    "address": "addr_test1zq5qpkm7hqmgzpdcwzjw02dtwy6ajrjxkak6zq95sp9xzd99l8hpxurhu3vcaxtf9lrqlndr5jfc29jr8vjxkt3qp0cs2hmdlu",
                    "datum": null,
                    "inlineDatum": {
                        "int": -5
                    },
                    "inlineDatumRaw": "24",
                    "inlineDatumhash": "f63498b4ae65be466e4a71878971b9c524458996450b0ff8262cddf3f0d99229",
                    "referenceScript": null,
                    "value": {
                        "8f461954fe2f18fee1dca233f358907e643ff839ed1f995e4bf325e3": {
                            "36": 1617428862579349949
                        },
                        "9827a19928b1ac2281fef9825fec2039686c53d2c60502cfffcdf28c": {
                            "34": 7202709045640210189
                        },
                        "lovelace": 2
                    }
                },
                "cdba5631f7d6c329bcdf748a55d8868f7d58278e8adb0298cee7cd49455f819b#44": {
                    "address": "addr1v8j60x6deeykspzzfffq7pgykwujnhhx0j58e3ac08sw6dcnzu4uc",
                    "datum": null,
                    "datumhash": "3f0bdf79559f901e9fff6c4aac25360b1979e1637b1d832b1d71fd6558853469",
                    "inlineDatum": null,
                    "inlineDatumRaw": null,
                    "referenceScript": {
                        "script": {
                            "cborHex": "8200581cb0aa67ecf80fbed3a49584a77ae26ed35793cd590b6eae5a432ae90d",
                            "description": "",
                            "type": "SimpleScript"
                        },
                        "scriptLanguage": "SimpleScriptLanguage"
                    },
                    "value": {
                        "105a8f1bb56444cacc86378c95421aceeb326b0fb7743e493eb82fd5": {
                            "9513": 1
                        },
                        "47d2e149975cf50674e52c24197a272840e9275d77d88ad75ae2da93": {
                            "1e6ea57f06e32b6329ec4de6": 1,
                            "31": 5491668946879795580
                        },
                        "lovelace": 4053554320001405132
                    }
                },
                "d78b825b6dc1c3f2fc0a779f369eadd6f19f26983a132a8f3e223e7c3fa8a292#85": {
                    "address": "addr1yxhhf07txfwv600uufty5xhg6gq7xdve94xzxvnx55rwvanq2mvsutmex40usr8h3wr3hgfym4yzzwmwlng7tw5gm3vssazr2r",
                    "datum": null,
                    "datumhash": null,
                    "inlineDatum": null,
                    "inlineDatumRaw": null,
                    "referenceScript": null,
                    "value": {
                        "4a1c412d8e2b3015a7fb7d382808fb7cb721bf93a56e8bb6661cdebe": {
                            "57d222a88fdc31fdb55c72745a59250035a4574e32ed96b5": 3036627540872993560
                        },
                        "lovelace": 1
                    }
                }
            }
        }
    ],
    "seed": -2141374552
}