{
    "samples": [
        {
            "headId": "d76c605b1d47f0bb8bb39dc796214181",
            "tag": "GetUTxOResponse",
            "utxo": {
                "12e7b8d2ac0ebedd843a2afbe1e0706ef30ba051df825398099f60a29f40ac36#54": {
                    "address": "addr_test1grwup43fegxqc7uaxs08yqsy5dhqgz89kvk92n5ksf2wtavpk98mjww4vg4z736d",
                    "datum": null,
                    "inlineDatum": {
                        "map": []
                    },
                    "inlineDatumRaw": "a0",
                    "inlineDatumhash": "d36a2619a672494604e11bb447cbcf5231e9f2ba25c2169177edc941bd50ad6c",
                    "referenceScript": {
                        "script": {
                            "cborHex": "82051a008d0cd1",
                            "description": "",
                            "type": "SimpleScript"
                        },
                        "scriptLanguage": "SimpleScriptLanguage"
                    },
                    "value": {
                        "245d5a7a06fe18358242e81281cd5ba9e6abe4efc54e7b659f25abae": {
                            "d6279da29515860eb1f7": 6329194671016240612
                        },
                        "lovelace": 1
                    }
                },
                "2e5e72fd20674e67aad0f0868217f2b4a81de995a89742b9ffe81ea4de872961#2": {
                    "address": "EqGAuA8vHnNwK8acBWkLgqqT5zDb2SZkNKBzn22iZEq5MDhCpMhJcnAsEU3FGNd4LDJRGfXeQgYtpcJTMtE8z3MJMwKJ3G9v2qf7ni1A5ejoUDC8xioMpg6",
                    "datum": null,
                    "datumhash": null,
                    "inlineDatum": null,
                    "inlineDatumRaw": null,
                    "referenceScript": {
                        "script": {
                            "cborHex": "82051a00561ed4",
                            "description": "",
                            "type": "SimpleScript"
                        },
                        "scriptLanguage": "SimpleScriptLanguage"
                    },
                    "value": {
                        "b407f399953f94f8a0e2639eee519758807312e6b54753eb808054e2": {
                            "2a5a0da28c7f8a95844851": 2
                        },
                        "lovelace": 7247282192315345174
                    }
                },
                "2f9d34ae293bf6c511741065232a08129e9c94583db64007e714213a1b9df264#41": {
                    "address": "addr1xy05t6z6ns2axpsxylcfxshwshj0puvjx35q9mwyrg6qpuuuh8am8jqdcje0y62aga52pwaryj82hw92dd22e0zcz93sph7py9",
                    "datum": null,
                    "datumhash": null,
                    "inlineDatum": null,
                    "inlineDatumRaw": null,
                    "referenceScript": {
                        "script": {
                            "cborHex": "8202838200581c83eab0a2569fcfbd52962baaf3d331d4ad23d18e0ff50e07b438d489820280820282830300828200581c1c535e115a00cc0c6c7ae1e8c5b7aeeb5dd0be675879650897ed9b288200581c5359be0e9076395a5737df4a67e1675e1a8a7feaeddce07f220c3f408200581c7612dbfa2783e1884c7ece1ceab6952e54885e5b8e7c2a2be12e889c",
                            "description": "",
                            "type": "SimpleScript"
                        },
                        "scriptLanguage": "SimpleScriptLanguage"
                    },
                    "value": {
                        "cbf63df27bb5db4a2524b8c7bfeff82447c1b59fef9cf59b680a33fb": {
                            "11bf521a23c5d00379b80b25ecd3e5d5": 8935323895107937087
                        },
                        "lovelace": 1
                    }
                },
                "45f18aefe9a40e1368f47d71a8982844c88875995836439a404cad26e389b640#4": {
                    "address": "addr_test1gqxskjp7y5p6qdagq6hs422a8ykd0x4vdzekxgk0z9ed7794w664fqwryuhmhdfu",
                    "datum": null,
                    "datumhash": "fc3065811079a1e550e69fc36e51197f0a1c00b23d1b746f3cd68043004de756",
                    "inlineDatum": null,
                    "inlineDatumRaw": null,
                    "referenceScript": {
                        "script": {
                            "cborHex": "8201838200581c58b570a4ffe6d9f51c243a112b064dc704454f8516bd18318136aff483030284830302838200581c99686420271b95fbbc69133a8c3eb810ff9ec43bc608aa01dbd20f0a8200581c689828124e8e71460ee3412f50c4de6f02e8293427f0158ad58661988200581cb47271a175c6228e1994c42d45a3f09bdcab9e5104cd5103482866678201848200581ce1cba99028e02ba9e173e6f7e2c3b0b1420df10125a01848f9f822958200581c396ba9d5d7287275cb4e2eb508acbdaeea95e963b3852e7f3b15ab9f8200581c84dfd5fbca73838c9c4e64a569cc084722248d339574c42d9ba8dd3c8200581c7e11d61ce45e091b142f5613e5eaccc95ae6a391e7f72790b411f8648202828200581cccf8c97b3fdf81a9f1fbdfcb56da9b3707cd1124b59e207b42222c0c8200581c9791f35b56b31376cfa8134675945ab4c1b48f5bd65fa37aad2571e08200581cc1a38d8ccd400830a683c32399f3c7121ed4933528460b47c5c2b7b98201818201828200581c93f8609e42eb961806fff4db555ca6af52076689e1a820b2527c0f308200581ce636f3e773229e3bdd4c1330379a6e9a29908fdd5d1d50640fb77d53",
                            "description": "",
                            "type": "SimpleScript"
                        },
                        "scriptLanguage": "SimpleScriptLanguage"
                    },
                    "value": {
                        "3e0b71c4bb4adb1fb6044430716f3dec20aca6528d624fefdf476474": {
                            "2594be4f00ae": 1
                        },
                        "d25d4104e24c6a6a382cdf49ab8da2197d8db5487504d684bfc6e343": {
                            "36": 3333986306429615784
                        },
                        "lovelace": 1
                    }
                },
                "491f402b55ad1e9b914a70c186d20e066e458e26b9d3222c7a1edc13ab788754#14": {
                    "address": "addr_test1yz0hn2rxlmznty7y8625hvfzw7wauttngg5fvwpfc36xvuqkdsphjr70hdjf6euuu9xcxdyu4ncuk8euxtuv3df0x9wqvkjmhe",
                    "datum": null,
                    "inlineDatum": {
                        "map": [
                            {
                                "k": {
                                    "int": 3
                                },
                                "v": {
                                    "int": -3
                                }
                            },
                            {
                                "k": {
                                    "bytes": "e65790aa"
                                },
                                "v": {
                                    "map": [
                                        {
                                            "k": {
                                                "map": [
                                                    {
                                                        "k": {
                                                            "bytes": ""
                                                        },
                                                        "v": {
                                                            "int": 2
                                                        }
                                                    },
                                                    {
                                                        "k": {
                                                            "int": -5
                                                        },
                                                        "v": {
                                                            "bytes": "e83f84"
                                                        }
                                                    },
                                                    {
                                                        "k": {
                                                            "bytes": "3147e858"
                                                        },
                                                        "v": {
                                                            "bytes": ""
                                                        }
                                                    },
                                                    {
                                                        "k": {
                                                            "bytes": "36da"
                                                        },
                                                        "v": {
                                                            "int": -2
                                                        }
                                                    },
                                                    {
                                                        "k": {
                                                            "bytes": "35"
                                                        },
                                                        "v": {
                                                            "int": -3
                                                        }
                                                    }
                                                ]
                                            },
                                            "v": {
                                                "constructor": 3,
                                                "fields": [
                                                    {
                                                        "bytes": "b554ed"
                                                    }
                                                ]
                                            }
                                        },
                                        {
                                            "k": {
                                                "map": [
                                                    {
                                                        "k": {
                                                            "bytes": "3974"
                                                        },
                                                        "v": {
                                                            "int": 0
                                                        }
                                                    },
                                                    {
                                                        "k": {
                                                            "bytes": "d06c"
                                                        },
                                                        "v": {
                                                            "bytes": "a029"
                                                        }
                                                    }
                                                ]
                                            },
                                            "v": {
                                                "bytes": "7a9d"
                                            }
                                        },
                                        {
                                            "k": {
                                                "list": [
                                                    {
                                                        "bytes": "15e511"
                                                    },
                                                    {
                                                        "bytes": "5efff5"
                                                    }
                                                ]
                                            },
                                            "v": {
                                                "bytes": "49"
                                            }
                                        },
                                        {
                                            "k": {
                                                "map": [
                                                    {
                                                        "k": {
                                                            "int": -2
                                                        },
                                                        "v": {
                                                            "bytes": "c67d"
                                                        }
                                                    },
                                                    {
                                                        "k": {
                                                            "int": 1
                                                        },
                                                        "v": {
                                                            "bytes": "44c42383"
                                                        }
                                                    },
                                                    {
                                                        "k": {
                                                            "int": 5
                                                        },
                                                        "v": {
                                                            "bytes": "c4"
                                                        }
                                                    },
                                                    {
                                                        "k": {
                                                            "int": -5
                                                        },
                                                        "v": {
                                                            "int": 1
                                                        }
                                                    },
                                                    {
                                                        "k": {
                                                            "int": 4
                                                        },
                                                        "v": {
                                                            "bytes": "250a7d"
                                                        }
                                                    }
                                                ]
                                            },
                                            "v": {
                                                "bytes": "ba76c73f"
                                            }
                                        },
                                        {
                                            "k": {
                                                "bytes": "ddf47723"
                                            },
                                            "v": {
                                                "map": [
                                                    {
                                                        "k": {
                                                            "int": -5
                                                        },
                                                        "v": {
                                                            "int": 4
                                                        }
                                                    },
                                                    {
                                                        "k": {
                                                            "bytes": "1101"
                                                        },
                                                        "v": {
                                                            "int": 2
                                                        }
                                                    },
                                                    {
                                                        "k": {
                                                            "int": 1
                                                        },
                                                        "v": {
                                                            "bytes": "6a40247a"
                                                        }
                                                    },
                                                    {
                                                        "k": {
                                                            "bytes": ""
                                                        },
                                                        "v": {
                                                            "bytes": ""
                                                        }
                                                    },
                                                    {
                                                        "k": {
                                                            "bytes": "21f121d1"
                                                        },
                                                        "v": {
                                                            "bytes": "08ed4a"
                                                        }
                                                    }
                                                ]
                                            }
                                        }
                                    ]
                                }
                            }
                        ]
                    },
                    "inlineDatumRaw": "a2032244e65790aaa5a540022443e83f84443147e858404236da21413522d87c9f43b554edffa24239740042d06c42a029427a9d9f4315e511435efff5ff4149a52142c67d014444c423830541c424010443250a7d44ba76c73f44ddf47723a524044211010201446a40247a40404421f121d14308ed4a",
                    "inlineDatumhash": "b9f4d107f0b789f7ab07e014dabdd15c1eb4531d2b772df9add39b4160cdb293",
                    "referenceScript": {
                        "script": {
                            "cborHex": "82051a0015886c",
                            "description": "",
                            "type": "SimpleScript"
                        },
                        "scriptLanguage": "SimpleScriptLanguage"
                    },
                    "value": {
                        "4d50a11e297e7783383bf06dd6e4e481230323bd96cd8b8d9ee3888d": {
                            "6c4bf3c0260bd4": 1
                        },
                        "9c1331b85a59c8f3b836b4eedce5d2ea7b45fe163e5bc96393c20476": {
                            "0b492ef7cd": 8189495479294006769,
                            "b8ab39ae4c2f52c3e02094": 3
                        },
                        "lovelace": 1950725191822795090
                    }
                },
                "54b4f54ad95cfba3523f26c59e3ec00dbf2fac47ba72747c80cb2202ea8e7c09#71": {
                    "address": "addr_test1qpyecjjt6xyha0cfhgvgk9v56wjerd9m77mvx5nzzwyx03qsssuspkyfdruxgvhmh8vlh3l5a8ft7lwmk0zqgn22f3psuukay2",
                    "datum": null,
                    "datumhash": null,
                    "inlineDatum": null,
                    "inlineDatumRaw": null,
                    "referenceScript": {
                        "script": {
                            "cborHex": "82041a007649ac",
                            "description": "",
                            "type": "SimpleScript"
                        },
                        "scriptLanguage": "SimpleScriptLanguage"
                    },
                    "value": {
                        "105a8f1bb56444cacc86378c95421aceeb326b0fb7743e493eb82fd5": {
                            "211cc6fa2f": 4723448854406215726
                        },
                        "2d725128406dc832eb74c4709aca0512499b3c7b17e00d7cb2e6d1b1": {
                            "97fd": 1546199058781005971
                        }
                    }
                },
                "5641c10de5850c92045912e6725d7cb20771de0d9beb7cdc00beebf0705bf4b5#52": {
                    "address": "addr_test1zpzje6mzcpwyl8dg2kf3dtaj00cxvx35l72t6qs52twqplt5y40s8ksvhlngyw9fq8x5yr97704vut06pyfksrcry6hqdhu9r8",
                    "datum": null,
                    "datumhash": "8b05e61507eae8b1a78f99685a9f3bea7c2c30223c29660a284f2ce34e875864",
                    "inlineDatum": null,
                    "inlineDatumRaw": null,
                    "referenceScript": {
                        "script": {
                            "cborHex": "82041a00442f4c",
                            "description": "",
                            "type": "SimpleScript"
                        },
                        "scriptLanguage": "SimpleScriptLanguage"
                    },
                    "value": {
                        "105a8f1bb56444cacc86378c95421aceeb326b0fb7743e493eb82fd5": {
                            "6bf5f5beaa0fdefadf223b2eeef5df084ac246": 315048801075438511
                        },
                        "eeb50a285ea91c2f7bc144846d7f84a69a2c30aafd6c18fee6bf711e": {
                            "b59b208fac3e411d5b8dc2de121f5a": 3858561960021840821
                        },
                        "lovelace": 5199757195828971022
                    }
                },
                "60cd0f72f9ad72c292e22522d1a7d2b1a09ea6dc5cf127607f1562ed8f59068f#60": {
                    "address": "addr1xx84kfy59qv8uefr5nyq4fy3ar4qhva5uypnet4npa4kswe8jv9k5qmctfvjnfka5xcm03rh86awr82cfnktktsmg3ksrj60hq",
                    "datum": null,
                    "datumhash": null,
                    "inlineDatum": null,
                    "inlineDatumRaw": null,
                    "referenceScript": {
                        "script": {
                            "cborHex": "8200581cad80d48e0ed05e427b0b51a3c688d4b8c23ab327930cdb551886eb81",
                            "description": "",
                            "type": "SimpleScript"
                        },
                        "scriptLanguage": "SimpleScriptLanguage"
                    },
                    "value": {
                        "7ca8d881824efa76312f07c3bfa7ebfdfab68a3d867c9882e6e4dc75": {
                            "37": 84808561593505236
                        },
                        "lovelace": 1
                    }
                },
                "780963eac8ffb7867217d51b3bb71d9f1f9e23e6e1275d522ef5223a93d17525#58": {
                    "address": "addr1x9uwjr6kqw2257m4n7ypgwlm87zd9w5dzvnhapzf3v256yzspe9p08wj92l2f0srcff7xmp8w4mudw9m7l8wdhszsfuqvh3e72",
                    "datum": null,
                    "inlineDatum": {
                        "list": [
                            {
                                "int": -5
                            },
                            {
                                "bytes": "40cfe51e"
                            },
                            {
                                "int": -3
                            },
                            {
                                "int": 3
                            }
                        ]
                    },
                    "inlineDatumRaw": "9f244440cfe51e2203ff",
                    "inlineDatumhash": "b18385fd6d850918192c59da5af520baff741d9f9d9f23b32f693a2c3487d5eb",
                    "referenceScript": {
                        "script": {
                            "cborHex": "83030080",
                            "description": "",
                            "type": "SimpleScript"
                        },
                        "scriptLanguage": "SimpleScriptLanguage"
                    },
                    "value": {
                        "1d31bf835397e29ba181869e6969397dd860765ecf5c10e158d5297f": {
                            "2d6da3b7aa": 4104070036230809290
                        },
                        "682cce5387e8929c6c3565ea4d584e29b34d603eaa22e22fafad4436": {
                            "cfce6fdaf94da68f8dbc81545f2ef2e0e0f0c5c1ba": 2184844816387628200
                        }
                    }
                },
                "82de8a8a2c2495a4c92e9b343fb85517d8126b88e6219772ec0605fd1599e6bd#33": {
                    "address": "addr_test1zqdyj8kqf7whg3x0up5kc2fhfs7gxs55wreyw3kn88qm7pje2uxzg49yf3yehj8dfq4cdj6rs6kma3a8djzrq6tr87mq3zp7j2",
                    "datum": null,
                    "datumhash": null,
                    "inlineDatum": null,
                    "inlineDatumRaw": null,
                    "referenceScript": {
                        "script": {
                            "cborHex": "484701000022220011",
                            "description": "",
                            "type": "PlutusScriptV1"
                        },
                        "scriptLanguage": "PlutusScriptLanguage PlutusScriptV1"
                    },
                    "value": {
                        "2db8410d969b6ad6b6969703c77ebf6c44061aa51c5d6ceba46557e2": {
                            "fe6d9f1a0cfbd706d2a0d47e": 8436001596153067721
                        },
                        "7c401b1a4c82ab56e66519f5cda55bec55fe0029a55e5e4439fa6b2e": {
                            "984caccf1c418a3b39ad9941b50474ca44fc404ea5b08fd83575eab4ef6a": 2
                        },
                        "lovelace": 1014595394245937738
                    }
                },
                "900596ee58ea5cb7b51048e34030d41fcd7a68668fb206620083ce01fd222869#99": {
                    "address": "2RhQhCGqYPDpLg5hwGe1jKmCcQ6NgUKjHDKyJLufZvMUJVPEgEpkR3giGBQ137mKjipes79GvFsnpQ3tzh5cye2U7C2jPJMSfjzMe4cKPhjXz7",
                    "datum": null,
                    "inlineDatum": {
                        "constructor": 0,
                        "fields": [
                            {
                                "constructor": 1,
                                "fields": [
                                    {
                                        "constructor": 3,
                                        "fields": [
                                            {
                                                "int": 4
                                            },
                                            {
                                                "int": 3
                                            },
                                            {
                                                "int": 5
                                            },
                                            {
                                                "bytes": "6322"
                                            }
                                        ]
                                    },
                                    {
                                        "bytes": "86942e"
                                    }
                                ]
                            },
                            {
                                "list": [
                                    {
                                        "bytes": "35af936f"
                                    },
                                    {
                                        "bytes": "9138f061"
                                    }
                                ]
                            },
                            {
                                "int": -5
                            },
                            {
                                "bytes": "ac"
                            }
                        ]
                    },
                    "inlineDatumRaw": "d8799fd87a9fd87c9f040305426322ff4386942eff9f4435af936f449138f061ff2441acff",
                    "inlineDatumhash": "413c6b660b1b65a555b51ac4e700ff5e4685fab4106daa6f68fc3751900c05c9",
                    "referenceScript": {
                        "script": {
                            "cborHex": "820282830303848201828200581c5e5454284cb8a0229f501658a6abaecfd6039022e3e99f69ddaf88118200581c5fc99ecca37d6be160082d550da060f6690b9260e308c82de613f2bf8202808202828200581c903ab1216aa66d424d1fc95078273e4bbc6f62029ad7f3361e65a9f08200581c24d6c251314474aa6fae37c38cbfada51b115390cbfb73a40ca048af83030080830303838201828200581cf953dbe40be4920d49fd967494c165f0074ca8b755ccbd8e842a1db88200581c73f9301b718b431c0f3782db06bdbf484e601aac1a5d3f33bbfbc538830300848200581c31c5d93df35c173421796f49b0d4a0414899683b7b0ddd83d7ec1a3a8200581c7481aea34fd3fa89534d29115e0129e4209bbe8c1a1dcd34924013ca8200581c9e18dc3843812e3e4cc93a68c0169dbefef83ba90b7db8b0d5a0ebfa8200581c14c3f1c4240bd1aeb79a38dc49b70f264a4deca813fa72f68335ecce830302828200581cb694fe8ee1aaa66dacfbc510808e4b4fd6e421588349cc6bccec8ff48200581ccf4e4fc14d575c9038f52da90ac5d14130ea7d9f8c96f0362049373f",
                            "description": "",
                            "type": "SimpleScript"
                        },
                        "scriptLanguage": "SimpleScriptLanguage"
                    },
                    "value": {
                        "6307219108d738837016a52e9e3f35c066129a8af440ec1bd919fd79": {
                            "046c3c578d4d": 7581340405144583919
                        },
                        "9a9b1573e5af574a22abe3cd831b102d0a5187575af737c134c14743": {
                            "0ed8656655c3f661b7bc9842950c6797516b8e0f96ed3bbe66bc93b57a0d": 1
                        },
                        "lovelace": 4104219549102896476
                    }
                },
                "9fe4acafe747706743eb3be933bec37302c3de00f7bc101c1013f3c01f08e365#70": {
                    "address": "2RhQhCGqYPDoBxBodHvBWZ29SbeYm11FMmzs2UFdWffQdSwpmxj1SkJYAqVt96QooG2AJMe8mYS5C6dvo7k2gYHpkZNRoQGZfspAs5hTs53wHv",
                    "datum": null,
                    "inlineDatum": {
                        "int": -2
                    },
                    "inlineDatumRaw": "21",
                    "inlineDatumhash": "0268be9dbd0446eaa217e1dec8f399249305e551d7fc1437dd84521f74aa621c",
                    "referenceScript": {
                        "script": {
                            "cborHex": "820184830300828201808201828200581cbdbd0289f2f03005ff57484f3dee7016bcb9b6c516ecd834755d9a1f8200581c5689fdd14473f712b1fe7ab84065d6d3faeff3fdb99c3276b25a27c88201838200581c3df7b2befb113bcbe78eacec88876505c68cfa7111be7989b961e582830300838200581c75a75d4ea9c37864bb68512702fae678e0861ab28c3ad3f1a55b54088200581c7a8177c58783541d2b5ed579da3b3c678b523107e0e995d3bd6a3d308200581cd3e3f53989ac313121f0c83781536acbefd0f922bc6371f1d12b47bb8202808201848200581c17d95b49293e6dd43adcf9f377d33ba81497a82d962c13bceb73b68c830301818200581c3468cfd52a917ea8e03d8dc24a73df3738aef5a4918993e508912c1f8200581c3f203c5f0f63c595b170d916c8e9cafa36089a7dabc37a7e55d29cae8202828200581cd935318c9ae1ecd873d54843e7103985786637ddd07bd56f87a081998200581cc76aed3977c1d815b5b707e96db8eb0c331ebab9e9bd6f2bb88e503f830300838201818200581c14a81ae3264e98792d6cb348c1219ac5f01f73c78401ce28defa400a820280820280",
                            "description": "",
                            "type": "SimpleScript"
                        },
                        "scriptLanguage": "SimpleScriptLanguage"
                    },
                    "value": {
                        "4d50a11e297e7783383bf06dd6e4e481230323bd96cd8b8d9ee3888d": {
                            "081d5ccbd0a72bf1": 2721145279161227318
                        },
                        "b0c53e2bf180858da4b64eb5598c5615bba7d723d2b604a83b7f9165": {
                            "9dcd100aaf0b761f9766147b28e5987c9b1c9f8a2b2d4a8ab5e79c": 3
                        },
                        "lovelace": 1
                    }
                },
                "aba2e70a9f5e64f30cab45570f75a723e15513bbef22b28fae5501b4ea1b502e#99": {
                    "address": "addr_test1vpk8ms8leeunn2l5xy8v45ppah8293f2mhjrywnddz0ay8g64dhsp",
                    "datum": null,
                    "datumhash": "d5ac82cc45118057d452b155c1a99ebb06b8dea3f0d45cdcfb2366f3bf3a54e1",
                    "inlineDatum": null,
                    "inlineDatumRaw": null,
                    "referenceScript": {
                        "script": {
                            "cborHex": "82041a00782f84",
                            "description": "",
                            "type": "SimpleScript"
                        },
                        "scriptLanguage": "SimpleScriptLanguage"
                    },
                    "value": {
                        "2d725128406dc832eb74c4709aca0512499b3c7b17e00d7cb2e6d1b1": {
                            "f17cb5817d71af986346821fb7e6e9f82d911adb6a": 1
                        },
                        "a6851c2627af85d81a48047604c936cb739fe2ee97ddf87f23d07b4c": {
                            "483616b1e2b19e8ba8586c7b680da5d7a3": 832261282241591070
                        },
                        "lovelace": 1
                    }
                },
                "aed017bb4be2b0c3cbb6e010f78f438bb3c298d6725d711be7a52c5dbca488ac#55": {
                    "address": "addr1q9zaawac3qk85klkj4xtk35htjxc9qw05uch8n20uvajykas5hweg0ttd0cauvzztvf7nz5uhn6dn7k9wz9dukqqxlxst7f2uv",
                    "datum": null,
                    "datumhash": "14e1f937fc039e5485de4c758265983ff909c436a6e41c786439cb04aa493c6d",
                    "inlineDatum": null,
                    "inlineDatumRaw": null,
                    "referenceScript": {
                        "script": {
                            "cborHex": "820184830300818202818200581c80db7726b8eb53f6b9c52e6e330caaa461b188f316def9404ac005b98201828200581ce70743ff37cd49926c091d32f5e5085a0f45955e6ef35dbaaf5aba698201828200581c2bceb21da431d7b1564423ade2fbae90541523d3d852a3e4724d4fb88200581c87774eb672d14514ce0a5ed2859c672a0021c4d710d8afa1f503e5268200581c48207ce8b664dff3218f5b1daa1a9fd9c90d274753308d8e5a55b1ca8200581cce2c68ca84f681a63a57123622d4bfc113afda28f27713b913b5ea1d",
                            "description": "",
                            "type": "SimpleScript"
                        },
                        "scriptLanguage": "SimpleScriptLanguage"
                    },
                    "value": {
                        "2e12c5e499e0521b13837391beed1248a2e36117370662ee75918b56": {
                            "30": 1
                        },
                        "bf170c139ca0a0bb0f8cead080b8de2f079b7b0fe592a7dfe212fa1b": {
                            "a3559c9823ab4180e4e5cfc81ad1eb47301820af8e11": 5168233388121742682
                        },
                        "lovelace": 2
                    }
                },
                "caa651fc005f9ac1657a7af5332bf88dc589ca7bfbe40c54073003bcd98dc49c#12": {
                    "address": "addr1z9eeww0kn7v24paj854n5yra2kfz3xdd9myp572ep4sqecggjgq0ayw4utrkgvdfj3566gcc7te8v4t7c0xp7hm8ezlspx4vw2",
                    "datum": null,
                    "datumhash": null,
                    "inlineDatum": null,
                    "inlineDatumRaw": null,
                    "referenceScript": null,
                    "value": {
                        "021b90f72ee3c6ff5d4953065c0fa236a6619931918103cb01b356ec": {
                            "12c3acde8a20c3cf41ebbcca23d88469fe71c30b721476a42b": 6710416906954625840,
                            "8c": 5906532833610093599
                        },
                        "3c33e6cb9d7e763870ad9b0a00cb036b0a5fe98f02eaf94aeea0c5f1": {
                            "32": 978370784938539021,
                            "b2f967b4aefa9940b1420de0": 6782841480895877829
                        },
                        "lovelace": 5488347353262405395
                    }
                },
                "d4017176c4847fdd289e373af13ac04883643834772676d7b2f265d28460fd34#47": {
                    "address": "addr1xycagt8hsg2r8qp2avrf8tfpd2dsx44gfpshxcs8q6jakz03w87y9949qfqzfh77pwnhpjxs8s2s8ygy70llxemk6ejq9yjvpy",
                    "datum": null,
                    "datumhash": "d013369d39265608d5da1af9b7c27779514b4ce4fa1edd9ac48094d8589b644a",
                    "inlineDatum": null,
                    "inlineDatumRaw": null,
                    "referenceScript": {
                        "script": {
                            "cborHex": "820183830300818200581c044df583adc247fa9e1f852e4f814a5d7ce3538de45c46d4f06218698202838200581c23e80fd334d3a450c8d3ade5c209ad0ec5b6e07b0e60d1b265efa1448202818200581cef346d0becd0d2600615def12d85d5a9b70476927b9c233a04a3e87d830302828200581cab947a7532ce34650fa31ea18ac935116c0f8c5a6c3b06761a835e828200581c21a1cc791f135f998ab535e334d20aca193bd849d03bac1e51a6852f8200581c60b5df973afffa24b1304501a3b4d70c7b9b21569dfae3d8a9dcc3d8",
                            "description": "",
                            "type": "SimpleScript"
                        },
                        "scriptLanguage": "SimpleScriptLanguage"
                    },
                    "value": {
                        "1c39dbc628b0bd325a54bdd3d1cb943a3ab8d10fa21524d749337952": {
                            "34": 6022079018532295074
                        },
                        "lovelace": 1021725039713438582
                    }
                }
            }
        }
    ],
    "seed": -209585932
}