{
    "samples": [
        {
            "chainState": {
                "recordedAt": {
                    "blockHash": "0000000100000100010000000000010101010001010000000101000100010000",
                    "slot": 1,
                    "tag": "ChainPoint"
                },
                "spendableUTxO": {}
            },
            "headId": "00010101010100010000010101010001",
            "tag": "HeadFannedOut",
            "utxo": {}
        }
    ],
    "seed": 249844913
}