{
    "samples": [
        {
            "chainState": {
                "recordedAt": {
                    "tag": "ChainPointAtGenesis"
                },
                "spendableUTxO": {}
            },
            "headId": "01000000010000010101010000000101",
            "headSeed": "00000001010101010000000101010001",
            "parameters": {
                "contestationPeriod": 2592000,
                "parties": []
            },
            "parties": [
                {
                    "vkey": "4e61016cc48e6e1aca98262f3e99ce06df966ede57b79e4de7af8ecfccb6e2c0"
                }
            ],
            "tag": "HeadInitialized"
        }
    ],
    "seed": -583055253
}