{
    "samples": [
        {
            "chainState": {
                "recordedAt": {
                    "blockHash": "0000010101010101000001000100010101010100000000010100000001000001",
                    "slot": 0,
                    "tag": "ChainPoint"
                },
                "spendableUTxO": {
                    "0001000100000000010101000001000001000000010100000001000100010101#60": {
                        "address": "addr1z86e2pa985au2qkeww7p98z8syhfxagkcl5sgyd23ayylnav432pgve5kjfqwwjn0mrqskyeka77c2mkyfnx7wtrvevsallvqc",
                        "datum": null,
                        "datumhash": null,
                        "inlineDatum": null,
                        "inlineDatumRaw": null,
                        "referenceScript": {
                            "script": {
                                "cborHex": "820184820282830300818200581cf1619b1e228b075ca9d70335396559a9fdce999718a5d0318ce8ce35830301848200581c5b3b9d640975dcc53d8a5cfc8a202376be0fc5fe668d80a07ce3a2088200581c10d624f70453f123689c814765f4099fbde78baea15023c199ee99378200581c259c03d70865cf0965b3d580623a468462acfc9d7d839b26145004808200581ccfc66c9a02cfd0585ac72207d8e290a9b26fc6482a81adbb9fd3279e830300818202838200581c57d2b492c1a8ad0d9f910e8983230619fde4710bda130e857a398e228200581c16e0c63def040eaa1358f84c8e82fe373d8d2d9f01cdd75c956183298200581cfa79954e8a9e707de11077cba0b5d6245658bafd7b794dfb0f78e3908202808200581c97f4986f6ae6ef99ce4bbd740336a34c07808c4846a7cca2a4c33a36",
                                "description": "",
                                "type": "SimpleScript"
                            },
                            "scriptLanguage": "SimpleScriptLanguage"
                        },
                        "value": {
                            "1d179f8a5e9259d5aeeb757d9482f7a43408946b49c15d2a47612a36": {
                                "cf4c1a61b6bf3109bb07e0eb8927a7f61ab42b2d3a13913c4c21a848342f6c": 1
                            }
                        }
                    }
                }
            },
            "headId": "01000000010100000000010001010001",
            "initialUTxO": {},
            "tag": "HeadOpened"
        }
    ],
    "seed": 1837365379
}