{
    "samples": [
        {
            "headId": "00010100010001000001000000010101",
            "tag": "HeadIsReadyToFanout"
        }
    ],
    "seed": 649780225
}