{
    "samples": [
        {
            "input": "\u0013􅮋!J𬌉C\u001aQ\u0011as\nD󿷑,=6hu~'􋍬.]\"\t",
            "reason": ":\u0010\u000c\u0000\u001dcr",
            "tag": "InvalidInput"
        }
    ],
    "seed": -1941963725
}