{
    "samples": [
        {
            "peer": {
                "hostname": "0.0.62.128",
                "port": 22085
            },
            "tag": "PeerDisconnected"
        },
        {
            "peer": {
                "hostname": "0.0.104.73",
                "port": 30989
            },
            "tag": "PeerDisconnected"
        },
        {
            "peer": {
                "hostname": "0.0.71.26",
                "port": 20925
            },
            "tag": "PeerDisconnected"
        },
        {
            "peer": {
                "hostname": "0.0.83.61",
                "port": 1028
            },
            "tag": "PeerDisconnected"
        },
        {
            "peer": {
                "hostname": "0.0.49.120",
                "port": 16902
            },
            "tag": "PeerDisconnected"
        }
    ],
    "seed": -2004041967
}