{
    "samples": [
        {
            "peer": {
                "hostname": "0.0.86.152",
                "port": 21607
            },
            "tag": "PeerConnected"
        }
    ],
    "seed": 502956745
}