{
    "samples": [
        {
            "postChainTx": {
                "deadline": 20,
                "headId": "ad6d77b6849bc22b276af8a1ac576e7e",
                "recoverTxId": "fe9b3f98052739f3710991bea4d804cb9f73e39030897ba9f7765241fab61874",
                "tag": "RecoverTx"
            },
            "postTxError": {
                "tag": "FailedToConstructContestTx"
            },
            "tag": "PostTxOnChainFailed"
        }
    ],
    "seed": 427101534
}