{
    "samples": [
        {
            "snapshotNumber": 1,
            "tag": "SnapshotRequestDecided"
        }
    ],
    "seed": 1179501243
}