{
    "samples": [
        {
            "chainSlot": 19,
            "tag": "TickObserved"
        }
    ],
    "seed": 1423885120
}