{
    "samples": [
        {
            "tag": "TransactionReceived",
            "tx": {
                "cborHex": "84ae008282582048b87aea84af6e6ee55d800b765c44527a6ca4bcbcd2d7e93c17564c5fa58367194fcc82582059d8bae7d0436e8d339a4a57d62273ddd28677cfbdc4467440dc95aa207b65f81933610d908258200a59564e125111bd333db06a9e506abc5c38e0f869bbc62ca0e3c0d927d1bdb7195e878258201e1e68a21d31f0b479531284626d22796f5c9ae65a442ddab523fdb5bcbf74241977fd825820210482235cc8d71ae0e8c5bcd42b8aa9f0560ab5310eaf3ac4e7617eed3f6a411913ba82582030d3ea6b2f2be0adc25d96017546e8bd407b58b3e9e77ed9ec244eb3985e77cc190dbc82582034bbf7a34f06ebfd554b5fea96ae6aa427a422a532257862d4964c8fa0d573be1922748258203700961d5617b3e04c2bb9dadf98c6c64b640fd40dfcdcd478ce2168b4a5c6331914438258203aac8903d04e32f1cfd0e7054ac76988940ca318a8124226df023238bcc305181958a98258205e0e86ee47a51047ff19ff41041f01cb8586876cdd0f6f06e8a524623f80acb11955318258207167d0ca45673edc5d3181bbb8405a045c65fce10aea6314f0216ea0c250b16e19211a82582072b2297a1e16c1917712b125f09837462afbd66a6b318152e8c070923fd2d777192e4c825820857e862e98cdcf113628bb0cf5ba314b2904ece12a903e43c183c5852663770819268c825820980cf01c3299dffad7b882389533a3b030667989633f058bfdb0d67b73df5ed1195222825820b710345894f5624442e6e34af5c7aee9ffee97c738d7adb28f172385adee6a0d196b48825820ba695d42423158908c8ee4c8e062b39ddf89b4f935106aa7e1c5617532c9bde91970cd825820f30943370ed27447957b437cb69e9410615e06cc4133f3124c7a92af12a67449194530825820fc4522abe02d2518d2ac43f3804388b0c4fe5cc2321063c24fc79df78cdfc1b7190efe128a825820065623e13f7f60986d991140a15abec4d1dd7ec099e22f62119f5d0014e1144319777c82582041a8f24d32caa56dc30b052dee7234654b1ccc83fce06660caf40673d90471c51945fc82582059cbeebb028355faf50653bd969abe85b863ddb033685576efe8395715ac77c0191bcb82582064698bcdc3c2d59f0563687456a7ce84f98f353afd0b8c3453ba9738f2ed7161192e028258206d220c679cecdab8025618b08fcf526745a87a60fffc4dc03b28617db8c078821940c3825820846b3ce5a09915f8f679c05ca1f3fefd43f7389ba231e551ace38e076021b962195e2f825820b02eb71bf4a685efc04a36667d7e85a87d16710aca890eed5eab4ca14fe3ef221915d2825820c91b3955423f2b526a6f508592be3dc8a9e817e288dc14aaa0d12e78bb566511191c60825820d31266d931fa14a59f3c929167f656af7780f1fe399520113ca168b96bc0dd5e1951a6825820da51603273b3d02bf4448dc94aee9c7ad8c9fbf5e88c36230983ff545dd4e0511929db0190a400585782d818584d83581cdd4510743d503419ae09621edfbc9c3b7a544ca3b0165cf7c0bb5eefa20158225820696667666276726a776f6f79716f6d656178756967637964627870796c77716702451a6c945b2e001af2f9e109018201a2581c105a8f1bb56444cacc86378c95421aceeb326b0fb7743e493eb82fd5a14e0757bde7b2a6c3b7233b26163cd41b0da900178db6c99c581ccfb0732a6c22c203e54dfc3824a374eb78b83b4bf630080cf68d0b2fa14555023e51731b0638fb952f5182ad028201d8184241de03d818588f8200820181830301828202838200581c3bfc1a1322ad4142b440577d7ad4de828aaded1a83de813073ed06558200581c3c279934b36979abce18545fac287929d831a3ab0a06663c654777bd8200581ca8fc889dbf54b3889b8928e55dedd6e5a3d29fd9b3a3ae5822dd88268201818200581cb14c8c15725c3ac14bbb9b6a0a91c885b18489a532b13e9868338134a300583911bea5ba16f479e0834efac996191e34ee0a5c7d57e879cf4d8317efb9de90e1a5b602719beaa602fef237dc93f1fea063f8fdaebb227a057f01821b4ea88cb5e4a703afa1581c105a8f1bb56444cacc86378c95421aceeb326b0fb7743e493eb82fd5a141320203d81849820082041a00e4aa19a30058393106379baab22654a9a51c201414e019e82a322bee0e0aec3e7a2a4ad8fe53508b5db6604ed74cb9ebe937d3ae6eb8984adf72d2c8aa84cee4018202a2581c467f58932b54910584a0e8ea25a225e06a14530b2e96e938c53a3f22a143e384ab1b20872db49d36021e581cc5410352119f26ce67833cf386ef683e5bee807a6152086e026fec4aa15818b2c9869a5f1bdd221ee426ff0cd77b0537c9f48ac6939f291b6cb07fef2a7b5f6203d81849820082051a00d84483a400583911bd5f4aa7db8e2e9751954356efa668c076cdf5d801c67f8bd22696ce4c1f7ffa07a484c6df6cb93f9ae0725ab1c9a412383519e44d0f42a2018202a2581c374ccdb8759def27bad8c51ac79ced122b84cce720ca8e5e78800fd9a25619332e0ec3d7ef73d033a133995c54df098c70cc08dd0141351b04f91324ff5b1998581c4bf9036ffc47678feaadc7100b01969d0f0171d87782370f4ae0cac5a14298cc01028200582090029264add2090530ec4e32699a6ea4b60d4e15faaa66eef06a29b473fdbd1203d81859020c8200820184830300838202848200581c9143fcd329bcee427a373be35bee39ca27285abdfc7ae6d2d47b91778200581c9f0bf957a9f3868ca4afccd78443931eb44ab04cf2a61274cd694abc8200581c802b8f15332349e3bccf5c8c4c9cdc585ad4d5def1520cb76e36ec128200581c701a3625f696eddf159f27166188d2ec207bca09a9e4fd446df43ec9830300808202828200581c73a2a941259c995d4f3997bcabeda125f48eeba86789d72cff7ada688200581cf37486aaca8ff485a451363fdf22a59f7bb34628e47139139d5e9229830300838202818200581cd0302713a2c512e0d8a71160fb9f7bd8611fdafb771148a54f91d7f7830300818200581ca5ab355dd5433544e8b1c83c3377b4c453f422b4de6e0ee1d5272e538201848200581cc9a3f7552d9476f685683c2cab053cdf4f8d2ad27affb9baf189923d8200581c6f69d5d43f118217ef8b6db0b754cd56e7447083af7047df6ddbcc2e8200581c18d3994e79b556ce30c95e94ca5d57a8e0e56cb30dd94c6abccae1e98200581c21b9616feca747334bfd46ce72113359150cf953e8a0b8acc109c00f8200581c7e3c05829450b995bf9658a6481b66c5a29e179c6ebd8a0d9eac01df83030182830300828200581cfb14bd93354641c1602e8c094b44f6fbf1feac21b73a73c4ae8c9b018200581c7d047892e8bc692813348af4206c5fcb7736e18c86b463c01bd220e4820180a400581d608992118286ae2525d439b7d7195a0cac738615fead1b3655233a41cc018201a1581c2e12c5e499e0521b13837391beed1248a2e36117370662ee75918b56a2510818cbbd5192b570c0bb8c165d7b68ae6a1b5dad1b5f8bfb39dc41321b0fe9d7840795606c0282005820a3bc52b433fde2e017d0970cc4656a7d14c027f3db073393cd8b9b488187a70403d81849820246450100002261a400583910f0219ea3c3962f6e652c1a07d9eb63c740838c38eb6189631244380fda2b111d8dd8196edab8a2c4434ed5b34c8e1b197e8a79b5d35d9da2018202a1581c4d50a11e297e7783383bf06dd6e4e481230323bd96cd8b8d9ee3888da141321b5bcb847f117ed5400282005820dad4ec29f21ef22bd1bd973de0dc2d0645b2afc6487bb2ffe45b0c8969d4d6f703d8185901c68200830303848202848202808202838200581c989e943bf70467d22a2365bab950e39b0d860144f3bdfd1fdfd799738200581ce184105a7a16745b52d765560aa2a307accb77f47c28ce6a735b195c8200581c2a187760d4fd0533ebc72cbc1221fa2d6bec96236fbfb0035202166d8201848200581c4770ee15963528284c2758143ef9bedfa8f1fc7f21c18bcef067bdde8200581cb43e8141fe4df30ae5e6d1568f8a542861516221f93d9f6f98d16c368200581c991197e4cef4cee1504ecb194d1c419e987ccf8feb0ef93641455a698200581c88eacea1a930c4342ae1698a23504c3d05a5f0ce36e13eb079b7c4d88202818200581c268e09a7c8768b62738ef415809304cc06d63107ab05a531f7200d2d8200581c991dab1d7a64e147150e9783bcbab5d852f8abccec58e27253d8ca3a83030082830302828200581c9725668ce232f14204de4e64f399f1f716e727d888ad52730c08df3e8200581ca4ae2c6e8c7666d9e14538931b57215a133c00dbb4e7687759b58caa8202828200581cec484a1f7386e469dacc5262c3dc05ef0d8455553df363f61654b8bc8200581c65a2ad9cda634e475cc6a3e7fbff2acfb70fa537bd41c71b4ceb200b820281820280a400585782d818584d83581c68780ee1386574c46a04ce6d61e6245cb3e1a0cae6baf61f519f475da201582258206f5152e4f0d6a0321fafbfe955fcccbcd9abe8960deaf6bd93bae26fa920bcc402451a07bceef2021af6925264018201a1581c2e12c5e499e0521b13837391beed1248a2e36117370662ee75918b56a156f91d3a0736162dedd823f170353bb3a489871998d7bc02028201d81858409fd87c9f9f2423ff9f042040ff9f4176420244404020ffffa39f430ecb6d43006c834040ff4394963e239f4427dc614142e1f3ff02a3244021014291f34020ff03d8184b8201484701000022200101a4005839102e0d050f843b5a61325cfcd98a189686e0f39739fbdc4e48f8e9a085424757991b88e86e01173780e5e464facdb9de4b7c4a863f7393728f01821b565652e6a8b20b5fa1581c4d50a11e297e7783383bf06dd6e4e481230323bd96cd8b8d9ee3888da147c9a0ac8ac2ee9a1b7123c3f8eb134bea02820058204073ee68564213ce9ddc3d42e8f1f6be63163d533b1ba09dd34440ed3cc317ec03d81849820082051a002c5d43a3005839213e3c29be690e13dc092baa7100bdef2e2a75506781ee6b553ed9f26a602d1b2f1b66dd177211d886aa54d9389e5d157cb6784aacb76b8e72018202a1581c31a3e7b5741526b07f1d7a86b8434ab1dae67b1e8afcf046fd77d09aa1581ab83cb3a84ccdf05f554b3cdd47a19ae14966de3b4dd8266ab3f20103d818582282008200581cb91666a0aebe523071d233fe0b498e625ceaa9b6faa8452349714195a400581d61b429dd420a08d2d288872459b08c3e539faed14d63e6b1fb40811734018201a1581cce9f3f57287b1d5853cc8cf2807a58aede9c4de8400e88b53f4597a6a141381b6e51a590cbb8f4ba0282005820f135451dc20c4f7b1e9d641e3eef218c6a790fc37c5000a037a871f56db822e903d81849820246450100002601a300585782d818584d83581c55845b7ed5acc8fb7bfdc525c05cf2d2a5767863d0cebd0a65f2dc14a2015822582064616c636766776a6a77746e7964706b637264727772786f7574626c6e63796502451affb801a7001affc3c41b018200a1581cfe027686c564baf2d8fbd3bb60b86bd90ddf6e0e17e4b3cf7a94cf3aa241391b0b634923fbc5fd1053ee8f82299a03357660b6446262afe15b3d86a51b42ace0e699783c3403d81849820082041a0084d1cb825839218ca7fefb3ac778d0a6fe1f3738f32ede097ea0d39b45a911507ee31fee7e08b03591dc443195d002bada577a549f3f0a58222057337da8aa821b463f83dda10b381aa1581c3670b362f7f9c58e61734529cf5d2ba267c42e82953c3c4ac57b2907a153f705e1fb597edf785c7002bc91439a23861b381b598c5a666ec976f38358393031d4da348799cca6d844bfc75fa44c9f37cf68b6d192f29b2e6ad44fe4beb473e506f43d4027442471b4ae1dbf606761cff7ab36c061053f821b6bb49776d1da8baba1581cb0c53e2bf180858da4b64eb5598c5615bba7d723d2b604a83b7f9165a14e119057abfaabe06ab80ae0c568ac0158205f508230c0fff841482f216284b2b0c325ee09626fb35c1c4d681fc21fe8fa42a300581d601567c66a8e4a2c98dae23d6e8d669c0fd2a1a97a5ca063905ef0728201821b1573a3bb1fcca99aa2581c4a1c412d8e2b3015a7fb7d382808fb7cb721bf93a56e8bb6661cdebea141391b54e9407b2deb96a3581c6ef0a88a02b5b4b50ece972e940e65761c68d36ab2216dce76f284a9a1581d08aeb958b0fa082fd1ab976f101833dfbad67bb50b62a0898dde92cb750103d81859017f82008201838201848201828200581c088dac5f37ca0cf8890a600ffe8fc0b88b474e5896524ee2c3f7307c8200581c5b43969d24aa15a8b73f3806c90a029222ce83fcce164df23cb2087e8201808200581c5d074d6b933043947bdb903a49319fc95cbf5dcd9c877fba94ebe3ad830302838200581c6fc69cf0ca5af5b0a3a835df453b84ded46c0c54a71beaf3749bcb978200581c5156823f73d0f01d67c12ba084e00e1f73378280082dbf2aa561d5ef8200581cca318776915f2254f82f3c01568e2c92a6e5df59d54bb86bd324ce51830300808201828202818200581ca4afc0ebf51beed061f8316bcf3d2b564313c2d918ac4d46df7946778201848200581c8ca711c16bc5edf13a12710bc8765eb90afa79b53d4dc37030bb8c838200581cc943316c45b8cc1966118bb41b7c1c9dfb8f4ba17ac0467054e72c528200581ce1bf0527b52d92b43b0da951bcd55c1d133449872213c5e0d2ec4b828200581c9727907f322608c9624dd9103eb28342f963ee1494f231dfdd4ec3afa4005839208e54c2c357837d230829cca66eb1c58ce84f2d14051eee3410736172a7ca022b122d6d2106a041a303a2e2c62fec672f75c94de1f78464b701821b6e85ecb8bfe901c6a2581c245d5a7a06fe18358242e81281cd5ba9e6abe4efc54e7b659f25abaea1581b0d2ce1a370d9d9f8d7c703a80e7398848cdbbfc6bf5ac354fbbdcf02581c8abd860f87b69310b0f408cfa17ee38da5547361384d2d1eccd62e5da1497e78a6c9bdb22b71531b2d30b1476bf520ca0282005820da0d9f57492e78f6b57f6dbd8167e49fea4be5263230e036420e6ee6a0edc2ad03d8184a820147460100002226018358391034be8fb265dbd1f6212074110b5aeb07ca93b570442d2d23662af1b5f7222fbb36dda739e27006057841458964cd5c5736a5af328aebeb8f821b5dfbe318243bf250a2581c245d5a7a06fe18358242e81281cd5ba9e6abe4efc54e7b659f25abaea15016289fc1da0f11abd6bd06089c1068fc1b38abed1f2625f30a581c467f58932b54910584a0e8ea25a225e06a14530b2e96e938c53a3f22a1499b77b0106f95b0cdce0258203e0461b044045ac05841f2e02ac641f19d7ac0fcb3cea978893a3f98f343ced510a30058265085eeedf193d0fefb850878162fc6638a997c26227bceac9b5bc096e481b76981f54d81ce3f01821b083a7b7e2ee24361a2581c2d725128406dc832eb74c4709aca0512499b3c7b17e00d7cb2e6d1b1a14b432861c99d6968b23a93dd03581c2db8410d969b6ad6b6969703c77ebf6c44061aa51c5d6ceba46557e2a141b80103d81849820246450100002601021a0002ad210489820682011a000216e38a03581c3b396200c254054831c48d0e0fd542e02858e68986c9efe490c4a97c582030e9f7c481f83ecc2a8a966d5c31ac8bbc86163da14c489ca4053ac0777823641998121a000b26e3d81e82190673194e20581de1b0a6c22718787b329192d3a3a7cd81fd22cb37c26b90fc185a568b0a84581c043b1fb27f5a46a77360939f0a64f7c960e9e97e896d5ffd839626fc581c0ccbe858cf1083d68891cbbbcd4f0beb23c85d6797febd7f405b2c13581cbd084eae59c99855ea213d585260c55420e41e34db70bb5969efdca1581cca55d045872c03a57caf8e23429f27b241be0f0c7674cce95de9e3f683820278246f65385955304d7153314b55574861475934414a48412e2e384e4d416977486f2e636f6d8400193230f6505a070000816600000e180000f55700008301f6782954415637796a2d41466d3069553341376d5861366f35347a566a555934665a3676387050432e636f6d82783e68747470733a2f2f5436654434563373674b4768786b4271636a3146727555734f7647486a68466f4d5a6f57613253665a7055436e5342734a6d2e636f6d581c2e884a8dd1f7010b524b13b25bc2cc47d78971f2b318b18bfd805a0782018200581c47671a54feaa12d2e15e62fb61bf382d954e30c62e3423ed2b53d3e3820682011a000214ac82018200581cb8db23f622867fdd0351e0426ecb052dd242f6bc8725b35c918cb0a8820682001a000eac978a03581c22f7cc469475f7a37359a1ecbde4bcbad0a707920b19adaf438b9135582094b0f54f69fd3cc5d19266d575f302173ee1ef6e6d1557057ebdab37466297a01a000caa381a00094a38d81e821a1376495d1a1dcd6500581df0cfc72f38e88864198798abc9d71aa0787599e2c6f173e299bd8cd94e87581c0d592cc4b0ee1af3ac9f2ae4b54efd2fca90d6accc6e3e03c15701bb581c171b3ba0e3499a41cee884c325d3e8e586f800c4797ab0d37e32bcd5581c1d0a52918e3f2258d8ba9e71ac6c5797c52876d80c237a982b3d3c02581c2b4b664d1cd1250fc427d57ae046f399670c6894d4df111b4eca2e7a581c64b076e2780d49bbe1993019440265dce21cfd543d85a701b82c6205581c6c291c5f59202b01308f33c8136e3fa5d4671644fac62928db57d9ca581ca7e75793eb04ec158993fac8bc1a9b1f9a54033f8989717e78e9e8f88d8301195f1e781f414532306c453877477470314d37666f6d457153664553337773392e636f6d8400196683440000011650b0170000304b000057430000ee7900008400197a21f6f684001912f4f6506a1600004e220000da0b0000bd7900008400195d74f650712c00008b45000035040000414c00008301197b0178246f7336796d5661424536646f775175326c325a614f564638562d35644358722e2e636f6d8400f6f6f682026733394b2e636f6d82027818416f504c3861442e6c783875766e61636f30674f2e636f6d820278254c4d334b72764e6a556c58377734624b6c486c556550736c2e736f77735a7770592e636f6d8202782d525a49424e684b35767276624456674d7953497a7546754c416d39584657683362486a774d705861502e636f6d8202782f7547454159436850616152436d49466d6f4138736a56593251677254636179543165662d49367968376f6e2e636f6d8301190b9678364e33625658527063776c6346715332375a58776e2d545a78444e4c30524a4d7532766b32726c465035596c61672e4370386e2e636f6d82781d68747470733a2f2f5143714d2e4b434f745558384d327050532e636f6d43a49e008304581c1c42504272881ac2745093302dfa50524cdfe0b23aed3f39bf3d6bd01a001a095e8304581c8769d9a64bef27c11d791d24a841fa938affeea1d625b42bc6ea04511a0041a35b05a4581df00b830f4d7c8c6358814fd9daa43b210dc523ae0f95a0c3281e3491901a0001d847581df0480d335581f2764e5ecb8f3b332c8d26443e7c9d70ef6fefd303526d1a000770f7581df100f849d9b1075b18d92f045cdb048bc3bfa8c55f88f3248a85d181b51a000ae011581de14209a6f2973bf54d85d05f255db042fded4b3d0f66c8452c7dcb49891a0004e0f6081a00a98cc00e88581c052868a35f9729207e36f93c13fb863548433f7e7d64a4f370e3ab1c581c2da90b83e977c61cd7ac3e132e1134a773296981ec0327dcf5ca1543581c3ff4e75308409819422eec3bc63e0312f711b860977acb7b1d2a836a581c4c761bacaf55d559461b79aa11cf60caf9df35fac23f50f16b86bfb3581c51e2ef521cd463431bed53eb794ba38e2255b2ff6c8a4b924ea8a2d1581c6fb4c955c6fed4c7c7e63f760736064bcca27aa9165028477c4d374d581cc647588c50b93ca7726754ff943abf6c90c4a9ccdb857be86fb212f0581cfafcae9baf944eb262303aeb68a0c33f186caa2609efe9ea2f535e1509a2581c467f58932b54910584a0e8ea25a225e06a14530b2e96e938c53a3f22a24d3290748a3914ce1f4ab7e3dcf23b1c10b12df2bc1fac41d93b47bf63de7593baa9581c630910366b3f03a64675cceacfcaa9fca22973a55015bad8beaf1226a25818d2e2bd5824af3d98c05ac1ced7a6977175cdd7123dc03d601b4884bfe84e8bb2f4581ce45f6ee5aa247759da075bc67593dafd89e2fd39609245ba1c1dbb6b3b268485eb55f156780b5820aba16843b4e98b0750f933de14a2584b67beff4eccbfc02d9d4f971fe95c047e0758201f333c79184be96d7af36c839dd6ffe47805e9630741adbfa5c859fb40b6eae30f01a50094825820d6f0cbc8212e79ae6f4f19b50317b7f543b8fd6588ed568c057ac2f6810cd8ec58400728aee93a98d881c04fc8d67732c6ad923a2a97674ef4709a46c896dda68ed9982aaa74ba1a4e865e10290231cc6ecc65b18db0f4e802ee04635f25cf470dc2825820b52d84f818a2f7f5e99f336f758856aef65193616d9285b18323e7d69794fc815840c7ae6e8314fa17f5a8bcfc0a82974c0c87588933b4001197091800e98150d04b583613f4e783b147fdfca2549592c8c94c523dfa825ae6a3d0c0182decefc52e825820df1a0ae80bef9ddafdd275fd2155502cdb137506d656a87d78aa03e8d9541a935840121d6e064ebdbdd7dd33f5e413781abe4efab78c5b1579dfbc0f0233d25c88912cc7a9dab5c445d017fd5a64d4110f69797b7e7f18c70d568c7276d9552af3058258205d87729c1b021e634e949dcb4f78bc6e21658824633059e9f872d9eb7297cef55840856a9d71359219b81a343a10ed0aaef757a619a4be1789d7d03e7f411906aeb77661c3ca3fb0c655242efb730ce50c26968d30a4d522ba69bf92afafbba8aaea825820d2b5ee21aeef56cd79c0149da2e44d66d15a364da8cf47cf36d6047833d2b0745840b3bb3fd6b1a2db1c22181eefed8998e558f7d38eed742192fee9802100fe842bfd3c8effa9731e30a18f401c0d3cfaa4b8287148b80fb73d6ecccfb5dd8f336382582027313869a60b5c7b2a4dd839d1ec7449beb6ca5315d83539e34796b04b6256b75840b8e645c4f8d1d03c7e10250609d83aa14bfa92544387ad84a91034319e8f9738b8c85fde9e7bc916d91bf145d18c720a525dece371f16e96102095e9c0a1ec5782582099d7afe246e796fe43f0acb7743464fdc183e83244a07dab7061499dd691f33a5840a7e27f31be64e634f659e45b50a853525bf1d4dd87cddf806a00649dfc019c322b528828505c242f97635990c26731138347f1d0a0c3f8e70a130fa05b372d4f825820d2eadc910221dbe5738f60a5403c38aef71ea7bb492182e833bee227dd666aaa584056c4a6d4d3dda9b3808da2a523e926b3d6c54734abad95b224b1bdfd2d8ec6839579664b565a08e22867c6d71cf97c6f5a804fb782e7dadfe94e6694df4252408258205b761cbcd9f52b6ecfaa6835940f041919f6baf8c0d304b1bb0dc729940fbad25840d34306275a9195ba921a251b768edccf0e1c0afafd0ccc600de6e22a5cdebafc52c369584483168fa59fb05514463b076519b041f72b5657324218a67d8466c38258204415a094b8ce2bb6c974062924719c23b375a688cc0d405a89b9d76becc3c84b5840dbabdb00dc5744db128bbcd955a5de6b0cd7fa192542c052c2fd93b1db48169d3d5b6b31689fed58599caff49ecdee02ffb48ad29d04af07c4482213ac6ae82e825820dbf23d297a28f5d06f0d9882eea487775c7f61850090f38de9760c66e92d7094584021ad9570416d572268c6bf56d57e7a7b3273e341fb0a6cffc6582242b840820be6580c18006ea7a8d4e57e675dde9035d40639ed4d13b7ad8aa504ddaaf022978258201e5e776a12799907cf5df34363e886f9bfd36ad2b358d0714b5cb5b1edbca9cf584063a10b18405e5253d781dc1aad6b9d310d97ddd5bd5f4588fca81a2aa31240de4dea1dd1118795e7dbb140647f843d51af54d277765d5729a09b2e25afcfcf3d8258204f458bd8d8eff78268af924e7991bd673955b16f445f72cf10de6a6b3f60b2ee5840b62a4026f2e1aec97604df83747bd04f2a39299da91a1615412b45a48d91db1621ee3d512e6a6c3c58a0d3c9b01c84d52f15080a4934fec0410c90718df46967825820c07d2df2231f64fd9ea5d34006fa1b761a956f151439e82f28a950ccd5e216ed58408fbf0c811de98fa0ad79103e93c1481cbebeb1df5978364b3993744645169ca85d1eaf5c80a9bc96859dd838848cfdf31edf071ef35d3b53708de7e487413b6e825820c82db6dc86377682712570b3f651d7ada6b14106000e82bac47d2f0b8a497a5c5840208dba3d702bd3994d63e6305c7a49d95b8a25adf68d92ff109e987ecd3e24c919fe260044c4f3c9ddf156f64a91289871f34c78991308d0eb2538ec5081e7b68258208847973c889ee5e560b0e809ce560dd8aa81aa191861896ae9f5b056552c20585840f86fa4a3d52c2fd3610ac2f8db74e5886f54958611c5d533dae3d6e79a806a342ac3a634f723d19206c2f17612ef5a9c7bc5191297c35694ddc6a1d25bb7c832825820f9cbcde6f626cc6d2f73e36102f6affb6be398e7bc61e6de1d2b02a49aed96c25840d2c60e496ab5ef3be18fa4aa7937ba5325da87ab5c69f8d02aec9ac43c257a2832215371f1506ab738dc2b75eea5e691350894ef4bee55c584f9ef75ce1bd8fc8258203d4316d1a5909e9d72667e74d516856d05c798e7896cf57c4ed1e50e0172e989584099bff2801c842dff9d94c4c5488b02a3d08ca4dc3094085b8d07d59f0b2abce84e9b49379b73acdd269aca80f0be004f4035271bc3ca185152d5cf8fcde6433f825820fc0ed2eaf19cd141f2c9d9768961a6a4ad2e65423234ae60f5cce768f8510fb35840856fb2dc8eb1d56c2bdbae6d36e0ae8a4f2d323430773b3d67fa3816717218fec88095166acba9c4a4022dfcd47c0dbe8ac6258f7f6200ad176cc000558243e1825820d6031fea7fab742bcc7cd647f0ebf5194a20ee236afd137f0e726a60557d0dc5584065480a858cacec2edec3936123afada05b645f9ab4e9200d12a99315f5c9b46e5b410f74efa76b9ad446c05331878dc36e27145430ea708cb25d57456b4e7d7e0283845820c866b8c3a824cf770248e7fc2a635a21555b6e2492d59fc3dca1c6ec43ec62665840b2e1aef0febab4fd27187b44240432ac2a69177b83e0c998d927cb0d75e2488cbfeb0574df3e61042645b4f459b636c5e12c8c0c67533a00195f5d6130ff7769542df20cf1c249db5fdc97ee903b72ffb6d0b2cb6e581af3fa43eeafd490ce5ca487380a259a3580d288f269856b856a64845820a351f5102d51cc9d1ea5b6f512f10e2f6a29fc4b84123e62f9ad3cd39ae4db305840fc2bfc0cfd5b767cb39e3f192f92e5dfd1103d512332e2b2cd8484e3e02ed86ae27c5aca5edd262e5ef9eff857c47c5ee395c9ae7baf3be97aee594292c71dae581856469eff8fc722ff2f53632361019bc644bf7dd0ee0c47a047077619acb6c83d845820b8778c7efd7511e8885e737861e172a886789cdbf3289da1fdb03b91f90eadfb5840e795a8bf2288715c48f3b8b1bd8f40cf9937eb888360f7db42540bde97d005159a2e4b511b4bf0f82059b99b1f4643c2f02d391bb993e631aed151bbadad92dc55ce2cb513a6e193d6e7e941a116bd2b2db2075a161052adc97a63afe48d79328f41e50edcd8e33bfb018583030082820281830303848200581ce4506c6dfbe6475f66aec869942bf74470999a339d4e8beebed31cc88200581c79ec7db4ad9e9e44e75d3b9db33e1c2b40fa6025d632917482b513f98200581c0e7c5555d68b30124b8c16c57ed51f88cf83f396d32cdcdb397c050e8200581c7d50c9dc5cc5a59e551aaab61aa18e41e892b48b6b9e18f8334040d88201848200581c339a1833eaac2202affd2c3d0d5a75e5e9645bba975a2a182a64f0e88200581c8ade31709c3c96a6a72cdc31f60da6708e957570fb05952008f428208202848200581c5c4e35e4b217df808594b40e918c37d2cd798f9f8e24bfa3c02204c68200581cd9a0e8cd1c5241b3e553d6cf396695cff31638c147631548f954562d8200581c30b1f2e841179de0c409f66855db2c53368fa3bfc7a58e6cf79f83788200581c66eb35d67244d23003b912050a2b805099651c23156560b8a58c516b8201848200581ca747dac176f690c2bdc9c9abfa5b7290fd20a4cc6429f5398f8709b98200581c687b0581e652e3feeb852f70ecdaa006a3ec7406a9e8e7a7c4c835af8200581c86fdab07b25bf7f5286ca5913ff556d59f50c76dca701b77ca4af0658200581c581b1297ad42e672afb9c8600115b0c052597171040ba55b2eaf2aa182041a00ccaedd82041a0090a4478200581cd16eaa4e12ce5c860899b9a4e5eaa61c4960a724e5efeb75367a8d8b82051a001e9e0b0682474601000022001146450100002601049f210043e48cc59fd87c9f9f05ffd87c9f2223230301ff20ff01a342064d9f02ff019f0202ffa3426c8f43a1fdf324444f358c2b4043e2a03cd87b80ff4080a4219fa0a443eb7c2e2143fdb60244de56ba0744b1d38e0e4424df1b49024198ff444fe9317c239fd87e9f024412e56daaff802305a444def8031c0144809d0e06440c42ccb800034343629e40ff44c902b52ad87e9fa14268e940a5244110212244eab9798b022420422b6f43785becd87c9f4302b3ba01042101ffff432c7f7cd87d80a39fa5449f47899203244376c7ff2244984ffb7400040544092ce84fa140442180a828ff20a4a1414f05411505a4040440442e338434044003049f44aa9c00b2ff4290dd9f4001ff41f7d8799f20d8799f00ff9f42df63449a897c540304ffffd87e9f9f400343016299ffff409f40d87d9fd87b9f40ff02400523ffd87a9fa10401ff219f415fa34491d892b72204444b52299c448a39b40c448a20082effffa2049f415bffa1d87d9f4022ff24d87e9fa542759122449f54fe70004041f944cccaf55244721f95e143d40d7a24ffa3d8799fa50143b3905f435ae734024218010200024043dd6156a3000241da202420a305427d622342a0770005d87a809f411042c669ffffa49f4481abeb200144ba6c15b22223ff9f2142c6650322ffd87e9f05ffa040009f03ffa1440feb573c229fa30122422dff242323d87e9f24427d4a402202ff41369f41fd4320100123ffd87b9f214043d1dc15ffffd8799fd8799f20044000ffd87a80d8799f04242140ffffd87b9fd87a9f41f6ffff413f9f9fd87d9f04445d57a13741ecff229f4317ef60ffd87d9f42151f42eaae00ffffa4209f23ff9f00040002ffa24492c0eaff41e020424758a1423e324040a441d02322417c446a7b770144e2c05810044189a5414a42f1d341e14044582bc361421dd0422dc6210102019f40d87e9f210000ff2244008ddd3ea0ffff4433a28becd87e9f20d87c9fd87c9f2443441745418840ffa3214346b928224230e90321ff20d87e9f9f4261b22444a76e574aff43716dd5ff44d1fe3991ffd8799fd87c8040d87c9f044154ffa2435a0035a40040412e01000244f51d814e249f448ec44729416e0100ff20a0ffa59fa54446ab6b9302200142e154032441690141f9a124249f210321ffff4444f30a56a3049f40ffa144675c0e3322d87c9f22ff20a0a105d87e9f2024ff004463b417d34254244044616de9f09fa4020021424f1a2301437f20412444a3a19f6ba09f21ffffa540a44396abfaa520222304002243ec2de644c0d0486b2204d87c9f40ffd87c9f446d99bdff440280c52101ff23d87a809f44c281de552343a9ff2742c147ffd8799f40445a22caa323ff9f9f43ae26ecff9f000542eb2222ff44b42b693cff43eff4aa03429d8ea29f2443ad8a2443f96539ff9f02ffa09f4488cf0d1341a1ff9f009f41e14184024364485b21ffff42c37da223410100d87e9f0241a340430e4d0bffa440d87c9fa301416d054000437e8b3fffa043675884418e214457ffb1230002d87a9f42413cd8799f9f4000ff9f41e10102418dff9f40431f3dca2343baf35943d501b4ff40ffd87a9f9f4273da032243baee94ffa4230041df43d70d8f20449c11b0000142f28ca50444b8d43d2d42cd66428b650241de40418a0440a524416e4005421f95400140427f6900ff40a5d87c9f05ff20d87e9f21ffd8799f42a81643ecd1caffa00501404340929f80ffa3d87d9f02d87e9f4395e64a428db6ff42dfed9f4495ffa1814322dccd43307e7141b202ffff05a1a2427e6743b12e392004d87d9f03ff2002a5a52441fb22004023411f44f85ab5ab20424cce034042de4dd87b9f020100ffa2411b40426344029f42cd3c42be67034350b27620ff20a42004433a694b0404427a4c0503d87d9f0301220042214bff43cb27d99fd87c809fa4400524413c41064453dcdedc2024441a19d4faffd87a9fd87e9f020424ffa10441b4409f2243d8eff92442432b02ff9f2122ffff41d2ffa444e11a6b1240d87e9f443e50120da30042c895230240417da2022022436535eeff445317b8a79f4002a3449fba488d4303a68941ce410722421fea204288edff9fd87b9f415643cea62f43a1dcab44eaaca23cff0420a141d840d87c9f2344d4e1f4acffffa220a122431e26609f43d096e5022105ff9f04052040ffd87e9f432aedf7416dff03a39f440131d5af9f2041e92101ff01d87c9f2043bd1c58ff00ff23232021d87e9f9f2244ef528dbd040304ff423f09d87b9f200304fffffff4f6",
                "description": "",
                "txId": "706b12279a759f01ab2e41f011f754203b489f1e1603e10a8e2cde9c55e7184a",
                "type": "Witnessed Tx BabbageEra"
            }
        }
    ],
    "seed": 789449726
}