{
    "samples": [
        {
            "headId": "00000000000101010100000101000101",
            "newLocalUTxO": {
                "0000010000010101010001010001000000000001000101000101000000000100#85": {
                    "address": "2RhQhCGqYPDpA8wdsMzf9QvGJ5bGwGyaKZNtBmVy9BW1ZdL1uzymMRJ3JcFPqUewbJzQ6KHYuP459dugwRroyi19VXATopHzXDQUzfcDJqzz5N",
                    "datum": null,
                    "inlineDatum": {
                        "constructor": 1,
                        "fields": []
                    },
                    "inlineDatumRaw": "d87a80",
                    "inlineDatumhash": "8392f0c940435c06888f9bdb8c74a95dc69f156367d6a089cf008ae05caae01e",
                    "referenceScript": null,
                    "value": {
                        "2d725128406dc832eb74c4709aca0512499b3c7b17e00d7cb2e6d1b1": {
                            "fc20602dface2679eb56c5460a2f37ee076b1f11f78b": 2068206086427359285
                        }
                    }
                }
            },
            "tag": "TransactionAppliedToLocalUTxO",
            "tx": {
                "cborHex": "84b200d90102800dd9010281825820cd81392ff8b61cf4b90f313abac13af0ffc1b2a965f3d53c407d2bb9c237a87d0112d9010281825820b6fa49db916c364d4844042eb7f6040b84377bebf9e2f9600a3668f6ebe3505f01018010825839312eed332a6cc23e05221d9132d8c965ad868d4ff624d46c227bfe81ada14e512969e48d13e486f602799e401e28864c4ad57a39d7b3fac2028200a1581cbfb1bbed71bbe40d38bc35a955543883b1bc5d846d29690bdc71e732a14aa3376a21fc306e3b3ab41b642e791b7e795898111a000679a1021a000849b1030105a1581de0f48e83296ec716a9d812bf5ec1d802a8ec6a2598bf9ec3f9f03841261a000d87ee080109a1581c0ba9601d4309443c6766484302b8cdb5095a00227325ada028557e6ba141351b658c3a25eb8d7b230b5820a779bed68fc4be66149fefef4c41d9b9403e8e1f446efd466d372978c101d7ea0758208072effaeb5393888bba3dd72afcf23614f3f358a8f372fe6187a94206306f950f0113a18200581c5188edff15557b0f01ddea2163f94c430062d3023ceb76e5220c86f3a1825820a53f85d841641cddd264c32c0076c811b2991738a1ea129eb4df7838479ebdfe00820082783468747470733a2f2f3478555832644247783362436b6e6857715147626d32385076614c57656a383642394848587462782e636f6d58207e09831c8c8bf856b5289300d50fbc17a8d0c0f09caff9e423868eb07add3c1614d9010281841a000870ba581df1199b9182f0b80a9fb60360bab80cb9b915b62259d91cbeb658826a258400f6b5001a0002afe4011a0007b8ff02000300080109d81e821b079f71c44a485737194e200ad81e821b0000026c150a83cd1b000009184e72a0000bd81e821b00004e73d988432b1b0001c6bf52634000101a0004455f111a0006699614821b7b7d46c8b3ec74f51b4569dfa2bc2d4d581600181800181985d81e82192299192710d81e821b0000000113ecfce91b000000174876e800d81e821b00011b6043ec4e3b1b00b1a2bc2ec50000d81e821b04c71b71c1601e331b06f05b59d3b20000d81e821b0000011a217e21091b000009184e72a000181a8ad81e821b004847cb8427de251b04563918244f4000d81e8219689919c350d81e820101d81e821b00000028a3a7146f1b000000746a528800d81e821b0000058ceae5b5d71b000009184e72a000d81e821b0000002045e983151b000009184e72a000d81e820101d81e821a000b4fd11a000f4240d81e821b01161de7ea4ca5b71b016345785d8a0000d81e821903d71903e8181b01181c00181e1a000c480f181f1a00018ca31820001821d81e821b325eff03d6f9510d05581c69c0ca2fd2b7e3574bc6cc0c1506b60aa863fd1b85a3886b57ba9e22827168747470733a2f2f74684856642e636f6d5820185064ad5b4dfb3cb21b864a2c5cad0ef88f33e97c82c1b477e9799803636683151a000ce086161a0002b6cfa203d901028148470100002220010105a182000182d87e9f23d8799fd8799f40ffffff821b3f13dc0be6aed99d1b2267a7d5f8500a87f4d90103a101818201838201828201828200581c5219e55c8bb3a2f568ccadca1aa36de168a4585258ca3f134a7075978200581cd73a599357581362b316299bf4a85bbcf73e31113e3f14af1fabbfc8830302848200581cc34cb9bf0933e5a1bb3f9cf87733ebc46814d10dc7ebef81d830d6178200581c7b60b6a65d3d55f3ef2488098fea52f766a31d0c6b29ae4edb21b25c8200581ca290528cfcf278e3e8ccd13561c53266673df5b5714e341ff51da1678200581c5101bb6bb74c909b2c8d3a1ca67316ff44fca9c1cc46e012026ca8c7820280820280",
                "description": "",
                "txId": "4e7c1c27e0fe08aedc1b0861e7a2c0dc80a268e26f4fe7c1aaf098ea1f836fe5",
                "type": "Tx ConwayEra"
            }
        }
    ],
    "seed": -1739719346
}