{
    "samples": [
        {
            "headId": "01010100000001010100010100010100",
            "tag": "TxInvalid",
            "transaction": {
                "cborHex": "84ad00d901028001801083583931ed49c9b640438ad561e6f22dae768360dcae0ec7c03222574f80b3c2240650b44b18eadc258b5e90a88572b386f2efcfe97717315ddf4acb8200a1581c4a1c412d8e2b3015a7fb7d382808fb7cb721bf93a56e8bb6661cdebea14133015820dbea27d4fe19e9a3f88145a167ce108ca71679c429342a19af03f195ee8e4f91111a000dc764021a000d25ea030104d9010281830e8200581c88852ef9e53ff6c11e3770241552bb5d48ae330061a480e0e87e4c838201581c1ad279a3f6a600c992c08e9370320cc01ee0aa26a6fc0c229837100109a1581c4a1c412d8e2b3015a7fb7d382808fb7cb721bf93a56e8bb6661cdebea1465d43c3f44f513b73180a7afa8e52250b5820ae30af85a4a0c66e9dd821683422d7b21873b1678896675a1124fb4f156f841e075820e99abab0dac220f0f96dc2d8b7ef76a56f7887cd024efc730925e41a8844dc1f14d9010281841a00047a15581df0d2679f39396286d35a23c36263a21e428cd2d66ab41d9e17c99cd4fb8504825820b02bae2c7f6fec453b177c3d5bb17cc82029da39430f995361e2ce5634a02ce301d9010280a18200581c2f4bd097584a19f7f15d882528724cee18ce94c3587b1be1538b200601d81e821b000024b1b6e741531b00005af3107a400082782168747470733a2f2f544e324f576e4f364669694d6b30354975637457512e636f6d5820d662b71ef012b9c9dae6309447e2779471e8e159c7817b9d44ca90dfb9af6a32151a0003e502161a000e728ca400d90102818258204c320cd13f7bf19a9212d757b35c1565494b19722d6394e51e764a8ecaaf57b75840bc9317b57e5cda044b8b2eedf05bc0b8d30e38b367749110ec5f280fc39ab0758f7edeceaf408c3f95454fc9fed20affd69d4af562e56a09a0998f742d9aec5702d9010281845820887db9a8ba2a8f0e2befa4d5466f58f4e9ffec1a882ce0f50c657b52cc6753fb5840f70cf6cd4f57db1619ea712015f61bd479a57767c850320cd812cafdd77efde9fd6169b0661542c650364d3f26f70523b3ca44b4acde8a6e2c8923d007d9fdeb404006d90102814645010000226105a182050082433d4dec821b59ec3093cecdc5b71b174bfda870026657f5d90103a100a10001",
                "description": "",
                "txId": "3e1f1bf3712352361e95db7779f5b64e760a0ec8493a1c38453baf1aa2740684",
                "type": "Tx ConwayEra"
            },
            "utxo": {},
            "validationError": {
                "reason": ""
            }
        }
    ],
    "seed": -1691670397
}